Component: ARM Compiler 5.06 update 7 (build 960) Tool: armlink [4d3601]

==============================================================================

Section Cross References

    startup_stm32f10x_hd.o(STACK) refers (Special) to heapauxi.o(.text) for __use_two_region_memory
    startup_stm32f10x_hd.o(HEAP) refers (Special) to heapauxi.o(.text) for __use_two_region_memory
    startup_stm32f10x_hd.o(RESET) refers (Special) to heapauxi.o(.text) for __use_two_region_memory
    startup_stm32f10x_hd.o(RESET) refers to startup_stm32f10x_hd.o(STACK) for __initial_sp
    startup_stm32f10x_hd.o(RESET) refers to startup_stm32f10x_hd.o(.text) for Reset_Handler
    startup_stm32f10x_hd.o(RESET) refers to stm32f10x_it.c.o(i.NMI_Handler) for NMI_Handler
    startup_stm32f10x_hd.o(RESET) refers to stm32f10x_it.c.o(i.HardFault_Handler) for HardFault_Handler
    startup_stm32f10x_hd.o(RESET) refers to stm32f10x_it.c.o(i.MemManage_Handler) for MemManage_Handler
    startup_stm32f10x_hd.o(RESET) refers to stm32f10x_it.c.o(i.BusFault_Handler) for BusFault_Handler
    startup_stm32f10x_hd.o(RESET) refers to stm32f10x_it.c.o(i.UsageFault_Handler) for UsageFault_Handler
    startup_stm32f10x_hd.o(RESET) refers to stm32f10x_it.c.o(i.SVC_Handler) for SVC_Handler
    startup_stm32f10x_hd.o(RESET) refers to stm32f10x_it.c.o(i.DebugMon_Handler) for DebugMon_Handler
    startup_stm32f10x_hd.o(RESET) refers to stm32f10x_it.c.o(i.PendSV_Handler) for PendSV_Handler
    startup_stm32f10x_hd.o(RESET) refers to stm32f10x_it.c.o(i.SysTick_Handler) for SysTick_Handler
    startup_stm32f10x_hd.o(RESET) refers to stm32f10x_it.c.o(i.TIM3_IRQHandler) for TIM3_IRQHandler
    startup_stm32f10x_hd.o(RESET) refers to stm32f10x_it.c.o(i.TIM4_IRQHandler) for TIM4_IRQHandler
    startup_stm32f10x_hd.o(RESET) refers to stm32f10x_it.c.o(i.USART2_IRQHandler) for USART2_IRQHandler
    startup_stm32f10x_hd.o(.text) refers (Special) to heapauxi.o(.text) for __use_two_region_memory
    startup_stm32f10x_hd.o(.text) refers to system_stm32f10x.o(i.SystemInit) for SystemInit
    startup_stm32f10x_hd.o(.text) refers to __main.o(!!!main) for __main
    startup_stm32f10x_hd.o(.text) refers to startup_stm32f10x_hd.o(HEAP) for Heap_Mem
    startup_stm32f10x_hd.o(.text) refers to startup_stm32f10x_hd.o(STACK) for Stack_Mem
    system_stm32f10x.o(i.SetSysClock) refers to system_stm32f10x.o(i.SetSysClockTo72) for SetSysClockTo72
    system_stm32f10x.o(i.SystemCoreClockUpdate) refers to system_stm32f10x.o(.data) for SystemCoreClock
    system_stm32f10x.o(i.SystemInit) refers to system_stm32f10x.o(i.SetSysClock) for SetSysClock
    main.c.o(i.main) refers to delay_1.o(i.delay_init) for delay_init
    main.c.o(i.main) refers to sys.o(i.NVIC_Configuration) for NVIC_Configuration
    main.c.o(i.main) refers to oled.o(i.OLED_Init) for OLED_Init
    main.c.o(i.main) refers to oled.o(i.OLED_Clear) for OLED_Clear
    main.c.o(i.main) refers to test.o(i.roll) for roll
    main.c.o(i.main) refers to i2c.o(i.IIC_Init) for IIC_Init
    main.c.o(i.main) refers to delay.o(i.Delay_Init) for Delay_Init
    main.c.o(i.main) refers to uart.o(i.My_Uart_Init) for My_Uart_Init
    main.c.o(i.main) refers to stm32f10x_rcc.o(i.RCC_APB2PeriphClockCmd) for RCC_APB2PeriphClockCmd
    main.c.o(i.main) refers to stm32f10x_gpio.o(i.GPIO_Init) for GPIO_Init
    main.c.o(i.main) refers to stm32f10x_gpio.o(i.GPIO_ResetBits) for GPIO_ResetBits
    main.c.o(i.main) refers to aht20.o(i.AHT20_Init) for AHT20_Init
    main.c.o(i.main) refers to aht20.o(i.AHT20_ReadHT) for AHT20_ReadHT
    main.c.o(i.main) refers to aht20.o(i.StandardUnitCon) for StandardUnitCon
    main.c.o(i.main) refers to main.c.o(.bss) for AHT20
    delay.o(i.Delay_Init) refers to misc.o(i.SysTick_CLKSourceConfig) for SysTick_CLKSourceConfig
    delay.o(i.Delay_Init) refers to system_stm32f10x.o(.data) for SystemCoreClock
    delay.o(i.Delay_Init) refers to delay.o(.data) for fac_us
    delay.o(i.Delay_ms) refers to delay.o(.data) for fac_ms
    delay.o(i.Delay_us) refers to delay.o(.data) for fac_us
    i2c.o(i.I2C_ACK) refers to delay.o(i.Delay_us) for Delay_us
    i2c.o(i.I2C_NACK) refers to delay.o(i.Delay_us) for Delay_us
    i2c.o(i.I2C_Read_Byte) refers to delay.o(i.Delay_us) for Delay_us
    i2c.o(i.I2C_Read_Byte) refers to i2c.o(i.I2C_NACK) for I2C_NACK
    i2c.o(i.I2C_Read_Byte) refers to i2c.o(i.I2C_ACK) for I2C_ACK
    i2c.o(i.I2C_Send_Byte) refers to delay.o(i.Delay_us) for Delay_us
    i2c.o(i.I2C_Start) refers to delay.o(i.Delay_us) for Delay_us
    i2c.o(i.I2C_Stop) refers to delay.o(i.Delay_us) for Delay_us
    i2c.o(i.I2C_Wait_ACK) refers to delay.o(i.Delay_us) for Delay_us
    i2c.o(i.I2C_Wait_ACK) refers to i2c.o(i.I2C_Stop) for I2C_Stop
    i2c.o(i.IIC_Init) refers to stm32f10x_rcc.o(i.RCC_APB2PeriphClockCmd) for RCC_APB2PeriphClockCmd
    i2c.o(i.IIC_Init) refers to stm32f10x_gpio.o(i.GPIO_Init) for GPIO_Init
    i2c.o(i.IIC_Init) refers to stm32f10x_gpio.o(i.GPIO_SetBits) for GPIO_SetBits
[...]
    Removing stm32f10x_i2c.o(i.I2C_NACKPositionConfig), (28 bytes).
    Removing stm32f10x_i2c.o(i.I2C_OwnAddress2Config), (22 bytes).
    Removing stm32f10x_i2c.o(i.I2C_PECPositionConfig), (28 bytes).
    Removing stm32f10x_i2c.o(i.I2C_ReadRegister), (22 bytes).
    Removing stm32f10x_i2c.o(i.I2C_ReceiveData), (8 bytes).
    Removing stm32f10x_i2c.o(i.I2C_SMBusAlertConfig), (28 bytes).
    Removing stm32f10x_i2c.o(i.I2C_Send7bitAddress), (18 bytes).
    Removing stm32f10x_i2c.o(i.I2C_SendData), (4 bytes).
    Removing stm32f10x_i2c.o(i.I2C_SoftwareResetCmd), (22 bytes).
    Removing stm32f10x_i2c.o(i.I2C_StretchClockCmd), (24 bytes).
    Removing stm32f10x_i2c.o(i.I2C_StructInit), (30 bytes).
    Removing stm32f10x_i2c.o(i.I2C_TransmitPEC), (24 bytes).
    Removing stm32f10x_iwdg.o(i.IWDG_Enable), (16 bytes).
    Removing stm32f10x_iwdg.o(i.IWDG_GetFlagStatus), (24 bytes).
    Removing stm32f10x_iwdg.o(i.IWDG_ReloadCounter), (16 bytes).
    Removing stm32f10x_iwdg.o(i.IWDG_SetPrescaler), (12 bytes).
    Removing stm32f10x_iwdg.o(i.IWDG_SetReload), (12 bytes).
    Removing stm32f10x_iwdg.o(i.IWDG_WriteAccessCmd), (12 bytes).
    Removing stm32f10x_pwr.o(i.PWR_BackupAccessCmd), (12 bytes).
    Removing stm32f10x_pwr.o(i.PWR_ClearFlag), (20 bytes).
    Removing stm32f10x_pwr.o(i.PWR_DeInit), (22 bytes).
    Removing stm32f10x_pwr.o(i.PWR_EnterSTANDBYMode), (52 bytes).
    Removing stm32f10x_pwr.o(i.PWR_EnterSTOPMode), (64 bytes).
    Removing stm32f10x_pwr.o(i.PWR_GetFlagStatus), (24 bytes).
    Removing stm32f10x_pwr.o(i.PWR_PVDCmd), (12 bytes).
    Removing stm32f10x_pwr.o(i.PWR_PVDLevelConfig), (24 bytes).
    Removing stm32f10x_pwr.o(i.PWR_WakeUpPinCmd), (12 bytes).
    Removing stm32f10x_rcc.o(i.RCC_ADCCLKConfig), (24 bytes).
    Removing stm32f10x_rcc.o(i.RCC_AHBPeriphClockCmd), (32 bytes).
    Removing stm32f10x_rcc.o(i.RCC_APB1PeriphClockCmd), (32 bytes).
    Removing stm32f10x_rcc.o(i.RCC_APB1PeriphResetCmd), (32 bytes).
    Removing stm32f10x_rcc.o(i.RCC_APB2PeriphResetCmd), (32 bytes).
    Removing stm32f10x_rcc.o(i.RCC_AdjustHSICalibrationValue), (24 bytes).
    Removing stm32f10x_rcc.o(i.RCC_BackupResetCmd), (12 bytes).
    Removing stm32f10x_rcc.o(i.RCC_ClearFlag), (20 bytes).
    Removing stm32f10x_rcc.o(i.RCC_ClearITPendingBit), (12 bytes).
    Removing stm32f10x_rcc.o(i.RCC_ClockSecuritySystemCmd), (12 bytes).
    Removing stm32f10x_rcc.o(i.RCC_DeInit), (76 bytes).
    Removing stm32f10x_rcc.o(i.RCC_GetFlagStatus), (60 bytes).
    Removing stm32f10x_rcc.o(i.RCC_GetITStatus), (24 bytes).
    Removing stm32f10x_rcc.o(i.RCC_GetSYSCLKSource), (16 bytes).
    Removing stm32f10x_rcc.o(i.RCC_HCLKConfig), (24 bytes).
    Removing stm32f10x_rcc.o(i.RCC_HSEConfig), (76 bytes).
    Removing stm32f10x_rcc.o(i.RCC_HSICmd), (12 bytes).
    Removing stm32f10x_rcc.o(i.RCC_ITConfig), (32 bytes).
    Removing stm32f10x_rcc.o(i.RCC_LSEConfig), (52 bytes).
    Removing stm32f10x_rcc.o(i.RCC_LSICmd), (12 bytes).
    Removing stm32f10x_rcc.o(i.RCC_MCOConfig), (12 bytes).
    Removing stm32f10x_rcc.o(i.RCC_PCLK1Config), (24 bytes).
    Removing stm32f10x_rcc.o(i.RCC_PCLK2Config), (24 bytes).
    Removing stm32f10x_rcc.o(i.RCC_PLLCmd), (12 bytes).
    Removing stm32f10x_rcc.o(i.RCC_PLLConfig), (28 bytes).
    Removing stm32f10x_rcc.o(i.RCC_RTCCLKCmd), (12 bytes).
    Removing stm32f10x_rcc.o(i.RCC_RTCCLKConfig), (16 bytes).
    Removing stm32f10x_rcc.o(i.RCC_SYSCLKConfig), (24 bytes).
    Removing stm32f10x_rcc.o(i.RCC_USBCLKConfig), (12 bytes).
    Removing stm32f10x_rcc.o(i.RCC_WaitForHSEStartUp), (56 bytes).
    Removing stm32f10x_rtc.o(i.RTC_ClearFlag), (16 bytes).
    Removing stm32f10x_rtc.o(i.RTC_ClearITPendingBit), (16 bytes).
    Removing stm32f10x_rtc.o(i.RTC_EnterConfigMode), (20 bytes).
    Removing stm32f10x_rtc.o(i.RTC_ExitConfigMode), (20 bytes).
    Removing stm32f10x_rtc.o(i.RTC_GetCounter), (20 bytes).
    Removing stm32f10x_rtc.o(i.RTC_GetDivider), (24 bytes).
    Removing stm32f10x_rtc.o(i.RTC_GetFlagStatus), (24 bytes).
    Removing stm32f10x_rtc.o(i.RTC_GetITStatus), (36 bytes).
    Removing stm32f10x_rtc.o(i.RTC_ITConfig), (32 bytes).
    Removing stm32f10x_rtc.o(i.RTC_SetAlarm), (28 bytes).
    Removing stm32f10x_rtc.o(i.RTC_SetCounter), (28 bytes).
    Removing stm32f10x_rtc.o(i.RTC_SetPrescaler), (32 bytes).
    Removing stm32f10x_rtc.o(i.RTC_WaitForLastTask), (20 bytes).
    Removing stm32f10x_rtc.o(i.RTC_WaitForSynchro), (36 bytes).
    Removing stm32f10x_sdio.o(i.SDIO_CEATAITCmd), (16 bytes).
    Removing stm32f10x_sdio.o(i.SDIO_ClearFlag), (12 bytes).
    Removing stm32f10x_sdio.o(i.SDIO_ClearITPendingBit), (12 bytes).
    Removing stm32f10x_sdio.o(i.SDIO_ClockCmd), (12 bytes).
    Removing stm32f10x_sdio.o(i.SDIO_CmdStructInit), (14 bytes).
    Removing stm32f10x_sdio.o(i.SDIO_CommandCompletionCmd), (12 bytes).
    Removing stm32f10x_sdio.o(i.SDIO_DMACmd), (12 bytes).
    Removing stm32f10x_sdio.o(i.SDIO_DataConfig), (48 bytes).
    Removing stm32f10x_sdio.o(i.SDIO_DataStructInit), (20 bytes).
    Removing stm32f10x_sdio.o(i.SDIO_DeInit), (36 bytes).
    Removing stm32f10x_sdio.o(i.SDIO_GetCommandResponse), (12 bytes).
    Removing stm32f10x_sdio.o(i.SDIO_GetDataCounter), (12 bytes).
    Removing stm32f10x_sdio.o(i.SDIO_GetFIFOCount), (12 bytes).
    Removing stm32f10x_sdio.o(i.SDIO_GetFlagStatus), (24 bytes).
    Removing stm32f10x_sdio.o(i.SDIO_GetITStatus), (24 bytes).
    Removing stm32f10x_sdio.o(i.SDIO_GetPowerState), (16 bytes).
    Removing stm32f10x_sdio.o(i.SDIO_GetResponse), (24 bytes).
    Removing stm32f10x_sdio.o(i.SDIO_ITConfig), (32 bytes).
    Removing stm32f10x_sdio.o(i.SDIO_Init), (48 bytes).
    Removing stm32f10x_sdio.o(i.SDIO_ReadData), (12 bytes).
    Removing stm32f10x_sdio.o(i.SDIO_SendCEATACmd), (12 bytes).
    Removing stm32f10x_sdio.o(i.SDIO_SendCommand), (44 bytes).
    Removing stm32f10x_sdio.o(i.SDIO_SendSDIOSuspendCmd), (12 bytes).
    Removing stm32f10x_sdio.o(i.SDIO_SetPowerState), (28 bytes).
    Removing stm32f10x_sdio.o(i.SDIO_SetSDIOOperation), (12 bytes).
    Removing stm32f10x_sdio.o(i.SDIO_SetSDIOReadWaitMode), (12 bytes).
    Removing stm32f10x_sdio.o(i.SDIO_StartSDIOReadWait), (12 bytes).
    Removing stm32f10x_sdio.o(i.SDIO_StopSDIOReadWait), (12 bytes).
    Removing stm32f10x_sdio.o(i.SDIO_StructInit), (16 bytes).
    Removing stm32f10x_sdio.o(i.SDIO_WriteData), (12 bytes).
    Removing stm32f10x_spi.o(i.I2S_Cmd), (24 bytes).
    Removing stm32f10x_spi.o(i.I2S_Init), (232 bytes).
    Removing stm32f10x_spi.o(i.I2S_StructInit), (20 bytes).
    Removing stm32f10x_spi.o(i.SPI_BiDirectionalLineConfig), (28 bytes).
    Removing stm32f10x_spi.o(i.SPI_CalculateCRC), (24 bytes).
    Removing stm32f10x_spi.o(i.SPI_Cmd), (24 bytes).
    Removing stm32f10x_spi.o(i.SPI_DataSizeConfig), (18 bytes).
    Removing stm32f10x_spi.o(i.SPI_GetCRC), (16 bytes).
    Removing stm32f10x_spi.o(i.SPI_GetCRCPolynomial), (6 bytes).
    Removing stm32f10x_spi.o(i.SPI_I2S_ClearFlag), (6 bytes).
    Removing stm32f10x_spi.o(i.SPI_I2S_ClearITPendingBit), (20 bytes).
    Removing stm32f10x_spi.o(i.SPI_I2S_DMACmd), (18 bytes).
    Removing stm32f10x_spi.o(i.SPI_I2S_DeInit), (88 bytes).
    Removing stm32f10x_spi.o(i.SPI_I2S_GetFlagStatus), (18 bytes).
    Removing stm32f10x_spi.o(i.SPI_I2S_GetITStatus), (52 bytes).
    Removing stm32f10x_spi.o(i.SPI_I2S_ITConfig), (32 bytes).
    Removing stm32f10x_spi.o(i.SPI_I2S_ReceiveData), (6 bytes).
    Removing stm32f10x_spi.o(i.SPI_I2S_SendData), (4 bytes).
    Removing stm32f10x_spi.o(i.SPI_Init), (60 bytes).
    Removing stm32f10x_spi.o(i.SPI_NSSInternalSoftwareConfig), (30 bytes).
    Removing stm32f10x_spi.o(i.SPI_SSOutputCmd), (24 bytes).
    Removing stm32f10x_spi.o(i.SPI_StructInit), (24 bytes).
    Removing stm32f10x_spi.o(i.SPI_TransmitCRC), (10 bytes).
    Removing stm32f10x_tim.o(i.TI1_Config), (128 bytes).
    Removing stm32f10x_tim.o(i.TI2_Config), (152 bytes).
    Removing stm32f10x_tim.o(i.TI3_Config), (144 bytes).
    Removing stm32f10x_tim.o(i.TI4_Config), (152 bytes).
    Removing stm32f10x_tim.o(i.TIM_ARRPreloadConfig), (24 bytes).
    Removing stm32f10x_tim.o(i.TIM_BDTRConfig), (32 bytes).
    Removing stm32f10x_tim.o(i.TIM_BDTRStructInit), (18 bytes).
    Removing stm32f10x_tim.o(i.TIM_CCPreloadControl), (24 bytes).
    Removing stm32f10x_tim.o(i.TIM_CCxCmd), (30 bytes).
    Removing stm32f10x_tim.o(i.TIM_CCxNCmd), (30 bytes).
    Removing stm32f10x_tim.o(i.TIM_ClearFlag), (6 bytes).
    Removing stm32f10x_tim.o(i.TIM_ClearITPendingBit), (6 bytes).
    Removing stm32f10x_tim.o(i.TIM_ClearOC1Ref), (18 bytes).
    Removing stm32f10x_tim.o(i.TIM_ClearOC2Ref), (24 bytes).
    Removing stm32f10x_tim.o(i.TIM_ClearOC3Ref), (18 bytes).
    Removing stm32f10x_tim.o(i.TIM_ClearOC4Ref), (24 bytes).
    Removing stm32f10x_tim.o(i.TIM_Cmd), (24 bytes).
    Removing stm32f10x_tim.o(i.TIM_CounterModeConfig), (18 bytes).
    Removing stm32f10x_tim.o(i.TIM_CtrlPWMOutputs), (30 bytes).
    Removing stm32f10x_tim.o(i.TIM_DMACmd), (18 bytes).
    Removing stm32f10x_tim.o(i.TIM_DMAConfig), (10 bytes).
    Removing stm32f10x_tim.o(i.TIM_DeInit), (488 bytes).
    Removing stm32f10x_tim.o(i.TIM_ETRClockMode1Config), (54 bytes).
    Removing stm32f10x_tim.o(i.TIM_ETRClockMode2Config), (32 bytes).
    Removing stm32f10x_tim.o(i.TIM_ETRConfig), (28 bytes).
    Removing stm32f10x_tim.o(i.TIM_EncoderInterfaceConfig), (66 bytes).
    Removing stm32f10x_tim.o(i.TIM_ForcedOC1Config), (18 bytes).
    Removing stm32f10x_tim.o(i.TIM_ForcedOC2Config), (26 bytes).
    Removing stm32f10x_tim.o(i.TIM_ForcedOC3Config), (18 bytes).
    Removing stm32f10x_tim.o(i.TIM_ForcedOC4Config), (26 bytes).
    Removing stm32f10x_tim.o(i.TIM_GenerateEvent), (4 bytes).
    Removing stm32f10x_tim.o(i.TIM_GetCapture1), (6 bytes).
    Removing stm32f10x_tim.o(i.TIM_GetCapture2), (6 bytes).
    Removing stm32f10x_tim.o(i.TIM_GetCapture3), (6 bytes).
    Removing stm32f10x_tim.o(i.TIM_GetCapture4), (8 bytes).
    Removing stm32f10x_tim.o(i.TIM_GetCounter), (6 bytes).
    Removing stm32f10x_tim.o(i.TIM_GetFlagStatus), (18 bytes).
    Removing stm32f10x_tim.o(i.TIM_GetITStatus), (34 bytes).
    Removing stm32f10x_tim.o(i.TIM_GetPrescaler), (6 bytes).
    Removing stm32f10x_tim.o(i.TIM_ICInit), (172 bytes).
    Removing stm32f10x_tim.o(i.TIM_ICStructInit), (18 bytes).
    Removing stm32f10x_tim.o(i.TIM_ITConfig), (18 bytes).
    Removing stm32f10x_tim.o(i.TIM_ITRxExternalClockConfig), (24 bytes).
    Removing stm32f10x_tim.o(i.TIM_InternalClockConfig), (12 bytes).
    Removing stm32f10x_tim.o(i.TIM_OC1FastConfig), (18 bytes).
    Removing stm32f10x_tim.o(i.TIM_OC1Init), (152 bytes).
    Removing stm32f10x_tim.o(i.TIM_OC1NPolarityConfig), (18 bytes).
    Removing stm32f10x_tim.o(i.TIM_OC1PolarityConfig), (18 bytes).
    Removing stm32f10x_tim.o(i.TIM_OC1PreloadConfig), (18 bytes).
    Removing stm32f10x_tim.o(i.TIM_OC2FastConfig), (26 bytes).
    Removing stm32f10x_tim.o(i.TIM_OC2Init), (164 bytes).
    Removing stm32f10x_tim.o(i.TIM_OC2NPolarityConfig), (26 bytes).
    Removing stm32f10x_tim.o(i.TIM_OC2PolarityConfig), (26 bytes).
    Removing stm32f10x_tim.o(i.TIM_OC2PreloadConfig), (26 bytes).
    Removing stm32f10x_tim.o(i.TIM_OC3FastConfig), (18 bytes).
    Removing stm32f10x_tim.o(i.TIM_OC3Init), (160 bytes).
    Removing stm32f10x_tim.o(i.TIM_OC3NPolarityConfig), (26 bytes).
    Removing stm32f10x_tim.o(i.TIM_OC3PolarityConfig), (26 bytes).
    Removing stm32f10x_tim.o(i.TIM_OC3PreloadConfig), (18 bytes).
    Removing stm32f10x_tim.o(i.TIM_OC4FastConfig), (26 bytes).
    Removing stm32f10x_tim.o(i.TIM_OC4Init), (124 bytes).
    Removing stm32f10x_tim.o(i.TIM_OC4PolarityConfig), (26 bytes).
    Removing stm32f10x_tim.o(i.TIM_OC4PreloadConfig), (26 bytes).
    Removing stm32f10x_tim.o(i.TIM_OCStructInit), (20 bytes).
    Removing stm32f10x_tim.o(i.TIM_PWMIConfig), (124 bytes).
    Removing stm32f10x_tim.o(i.TIM_PrescalerConfig), (6 bytes).
    Removing stm32f10x_tim.o(i.TIM_SelectCCDMA), (24 bytes).
    Removing stm32f10x_tim.o(i.TIM_SelectCOM), (24 bytes).
    Removing stm32f10x_tim.o(i.TIM_SelectHallSensor), (24 bytes).
    Removing stm32f10x_tim.o(i.TIM_SelectInputTrigger), (18 bytes).
    Removing stm32f10x_tim.o(i.TIM_SelectMasterSlaveMode), (18 bytes).
    Removing stm32f10x_tim.o(i.TIM_SelectOCxM), (82 bytes).
    Removing stm32f10x_tim.o(i.TIM_SelectOnePulseMode), (18 bytes).
    Removing stm32f10x_tim.o(i.TIM_SelectOutputTrigger), (18 bytes).
    Removing stm32f10x_tim.o(i.TIM_SelectSlaveMode), (18 bytes).
    Removing stm32f10x_tim.o(i.TIM_SetAutoreload), (4 bytes).
    Removing stm32f10x_tim.o(i.TIM_SetClockDivision), (18 bytes).
    Removing stm32f10x_tim.o(i.TIM_SetCompare1), (4 bytes).
    Removing stm32f10x_tim.o(i.TIM_SetCompare2), (4 bytes).
    Removing stm32f10x_tim.o(i.TIM_SetCompare3), (4 bytes).
    Removing stm32f10x_tim.o(i.TIM_SetCompare4), (6 bytes).
    Removing stm32f10x_tim.o(i.TIM_SetCounter), (4 bytes).
    Removing stm32f10x_tim.o(i.TIM_SetIC1Prescaler), (18 bytes).
    Removing stm32f10x_tim.o(i.TIM_SetIC2Prescaler), (26 bytes).
    Removing stm32f10x_tim.o(i.TIM_SetIC3Prescaler), (18 bytes).
    Removing stm32f10x_tim.o(i.TIM_SetIC4Prescaler), (26 bytes).
    Removing stm32f10x_tim.o(i.TIM_TIxExternalClockConfig), (62 bytes).
    Removing stm32f10x_tim.o(i.TIM_TimeBaseInit), (164 bytes).
    Removing stm32f10x_tim.o(i.TIM_TimeBaseStructInit), (18 bytes).
    Removing stm32f10x_tim.o(i.TIM_UpdateDisableConfig), (24 bytes).
    Removing stm32f10x_tim.o(i.TIM_UpdateRequestConfig), (24 bytes).
    Removing stm32f10x_usart.o(i.USART_ClearFlag), (18 bytes).
    Removing stm32f10x_usart.o(i.USART_ClearITPendingBit), (30 bytes).
    Removing stm32f10x_usart.o(i.USART_ClockInit), (34 bytes).
    Removing stm32f10x_usart.o(i.USART_ClockStructInit), (12 bytes).
    Removing stm32f10x_usart.o(i.USART_DMACmd), (18 bytes).
    Removing stm32f10x_usart.o(i.USART_DeInit), (156 bytes).
    Removing stm32f10x_usart.o(i.USART_GetFlagStatus), (26 bytes).
    Removing stm32f10x_usart.o(i.USART_GetITStatus), (84 bytes).
    Removing stm32f10x_usart.o(i.USART_HalfDuplexCmd), (24 bytes).
    Removing stm32f10x_usart.o(i.USART_IrDACmd), (24 bytes).
    Removing stm32f10x_usart.o(i.USART_IrDAConfig), (18 bytes).
    Removing stm32f10x_usart.o(i.USART_LINBreakDetectLengthConfig), (18 bytes).
    Removing stm32f10x_usart.o(i.USART_LINCmd), (24 bytes).
    Removing stm32f10x_usart.o(i.USART_OneBitMethodCmd), (24 bytes).
    Removing stm32f10x_usart.o(i.USART_OverSampling8Cmd), (22 bytes).
    Removing stm32f10x_usart.o(i.USART_ReceiveData), (10 bytes).
    Removing stm32f10x_usart.o(i.USART_ReceiverWakeUpCmd), (24 bytes).
    Removing stm32f10x_usart.o(i.USART_SendBreak), (10 bytes).
    Removing stm32f10x_usart.o(i.USART_SendData), (8 bytes).
    Removing stm32f10x_usart.o(i.USART_SetAddress), (18 bytes).
    Removing stm32f10x_usart.o(i.USART_SetGuardTime), (16 bytes).
    Removing stm32f10x_usart.o(i.USART_SetPrescaler), (16 bytes).
    Removing stm32f10x_usart.o(i.USART_SmartCardCmd), (24 bytes).
    Removing stm32f10x_usart.o(i.USART_SmartCardNACKCmd), (24 bytes).
    Removing stm32f10x_usart.o(i.USART_StructInit), (24 bytes).
    Removing stm32f10x_usart.o(i.USART_WakeUpConfig), (18 bytes).
    Removing stm32f10x_wwdg.o(i.WWDG_ClearFlag), (12 bytes).
    Removing stm32f10x_wwdg.o(i.WWDG_DeInit), (22 bytes).
    Removing stm32f10x_wwdg.o(i.WWDG_Enable), (16 bytes).
    Removing stm32f10x_wwdg.o(i.WWDG_EnableIT), (12 bytes).
    Removing stm32f10x_wwdg.o(i.WWDG_GetFlagStatus), (12 bytes).
    Removing stm32f10x_wwdg.o(i.WWDG_SetCounter), (16 bytes).
    Removing stm32f10x_wwdg.o(i.WWDG_SetPrescaler), (24 bytes).
    Removing stm32f10x_wwdg.o(i.WWDG_SetWindowValue), (40 bytes).
    Removing gui.o(i.GUI_DrawBMP), (172 bytes).
    Removing gui.o(i.GUI_DrawCircle), (82 bytes).
    Removing gui.o(i.GUI_DrawLine), (176 bytes).
    Removing gui.o(i.GUI_DrawPoint), (24 bytes).
    Removing gui.o(i.GUI_DrawRectangle), (74 bytes).
    Removing gui.o(i.GUI_DrawTriangel), (64 bytes).
    Removing gui.o(i.GUI_Fill), (78 bytes).
    Removing gui.o(i.GUI_FillCircle), (96 bytes).
    Removing gui.o(i.GUI_FillRectangle), (36 bytes).
    Removing gui.o(i.GUI_FillTriangel), (508 bytes).
    Removing gui.o(i.GUI_ShowCHinese), (106 bytes).
    Removing gui.o(i.GUI_ShowCHinese1), (106 bytes).
    Removing gui.o(i.GUI_ShowChar), (272 bytes).
    Removing gui.o(i.GUI_ShowFont16), (240 bytes).
    Removing gui.o(i.GUI_ShowFont24), (260 bytes).
    Removing gui.o(i.GUI_ShowFont32), (248 bytes).
    Removing gui.o(i.GUI_ShowNum), (170 bytes).
    Removing gui.o(i.GUI_ShowString), (110 bytes).
    Removing gui.o(i.GUI_ch_ShowFont16), (240 bytes).
    Removing gui.o(i._draw_circle_8), (132 bytes).
    Removing gui.o(i._draw_h_line), (40 bytes).
    Removing gui.o(i._swap), (10 bytes).
    Removing gui.o(i.mypow), (22 bytes).
    Removing gui.o(.constdata), (5748 bytes).
    Removing oled.o(i.OLED_Display_Off), (28 bytes).
    Removing oled.o(i.OLED_Display_On), (28 bytes).
    Removing oled.o(i.OLED_Set_Pixel), (128 bytes).
    Removing oled.o(i.OLED_Set_Pos), (56 bytes).
    Removing test.o(i.TEST_BMP), (100 bytes).
    Removing test.o(i.TEST_Chinese), (196 bytes).
    Removing test.o(i.TEST_English), (212 bytes).
    Removing test.o(i.TEST_MainPage), (44 bytes).
    Removing test.o(i.TEST_Menu1), (768 bytes).
    Removing test.o(i.TEST_Menu2), (488 bytes).
    Removing test.o(i.TEST_Number_Character), (204 bytes).
    Removing test.o(i.Test_Circle), (98 bytes).
    Removing test.o(i.Test_Color), (76 bytes).
    Removing test.o(i.Test_Rectangular), (114 bytes).
    Removing test.o(i.Test_Triangle), (134 bytes).
    Removing test.o(.conststring), (65 bytes).
    Removing test.o(.data), (3296 bytes).
    Removing delay_1.o(i.delay_us), (76 bytes).

512 unused section(s) (total 33867 bytes) removed from the image.

==============================================================================

Image Symbol Table

    Local Symbols

    Symbol Name                              Value     Ov Type        Size  Object(Section)

    ../clib/angel/boardlib.s                 0x00000000   Number         0  boardshut.o ABSOLUTE
    ../clib/angel/boardlib.s                 0x00000000   Number         0  boardinit1.o ABSOLUTE
    ../clib/angel/boardlib.s                 0x00000000   Number         0  boardinit2.o ABSOLUTE
    ../clib/angel/boardlib.s                 0x00000000   Number         0  boardinit3.o ABSOLUTE
    ../clib/angel/handlers.s                 0x00000000   Number         0  __scatter_zi.o ABSOLUTE
    ../clib/angel/handlers.s                 0x00000000   Number         0  __scatter_copy.o ABSOLUTE
    ../clib/angel/kernel.s                   0x00000000   Number         0  __rtentry2.o ABSOLUTE
    ../clib/angel/kernel.s                   0x00000000   Number         0  rtexit.o ABSOLUTE
    ../clib/angel/kernel.s                   0x00000000   Number         0  __rtentry4.o ABSOLUTE
    ../clib/angel/kernel.s                   0x00000000   Number         0  rtexit2.o ABSOLUTE
    ../clib/angel/kernel.s                   0x00000000   Number         0  __rtentry.o ABSOLUTE
    ../clib/angel/rt.s                       0x00000000   Number         0  rt_raise.o ABSOLUTE
    ../clib/angel/scatter.s                  0x00000000   Number         0  __scatter.o ABSOLUTE
    ../clib/angel/startup.s                  0x00000000   Number         0  __main.o ABSOLUTE
    ../clib/angel/sys.s                      0x00000000   Number         0  libspace.o ABSOLUTE
    ../clib/angel/sys.s                      0x00000000   Number         0  use_no_semi_2.o ABSOLUTE
    ../clib/angel/sys.s                      0x00000000   Number         0  indicate_semi.o ABSOLUTE
    ../clib/angel/sys.s                      0x00000000   Number         0  use_no_semi.o ABSOLUTE
    ../clib/angel/sys.s                      0x00000000   Number         0  sys_stackheap_outer.o ABSOLUTE
    ../clib/angel/sysapp.c                   0x00000000   Number         0  sys_command.o ABSOLUTE
    ../clib/angel/sysapp.c                   0x00000000   Number         0  sys_wrch.o ABSOLUTE
    ../clib/armsys.c                         0x00000000   Number         0  argv_veneer.o ABSOLUTE
    ../clib/armsys.c                         0x00000000   Number         0  argv_veneer.o ABSOLUTE
    ../clib/armsys.c                         0x00000000   Number         0  _get_argv_nomalloc.o ABSOLUTE
    ../clib/armsys.c                         0x00000000   Number         0  no_argv.o ABSOLUTE
    ../clib/heapalloc.c                      0x00000000   Number         0  hrguard.o ABSOLUTE
    ../clib/heapaux.c                        0x00000000   Number         0  heapauxi.o ABSOLUTE
    ../clib/libinit.s                        0x00000000   Number         0  libinit.o ABSOLUTE
    ../clib/libinit.s                        0x00000000   Number         0  libshutdown.o ABSOLUTE
    ../clib/libinit.s                        0x00000000   Number         0  libinit2.o ABSOLUTE
    ../clib/libinit.s                        0x00000000   Number         0  libshutdown2.o ABSOLUTE
    ../clib/memcpset.s                       0x00000000   Number         0  rt_memclr_w.o ABSOLUTE
    ../clib/memcpset.s                       0x00000000   Number         0  aeabi_memset.o ABSOLUTE
    ../clib/memcpset.s                       0x00000000   Number         0  rt_memclr.o ABSOLUTE
    ../clib/signal.c                         0x00000000   Number         0  defsig_abrt_inner.o ABSOLUTE
    ../clib/signal.c                         0x00000000   Number         0  defsig_other.o ABSOLUTE
    ../clib/signal.c                         0x00000000   Number         0  defsig_segv_inner.o ABSOLUTE
    ../clib/signal.c                         0x00000000   Number         0  defsig_fpe_inner.o ABSOLUTE
    ../clib/signal.c                         0x00000000   Number         0  defsig_exit.o ABSOLUTE
    ../clib/signal.c                         0x00000000   Number         0  defsig_rtmem_inner.o ABSOLUTE
    ../clib/signal.c                         0x00000000   Number         0  __raise.o ABSOLUTE
    ../clib/signal.c                         0x00000000   Number         0  defsig_general.o ABSOLUTE
    ../clib/signal.c                         0x00000000   Number         0  defsig_cppl_inner.o ABSOLUTE
    ../clib/signal.c                         0x00000000   Number         0  defsig_pvfn_inner.o ABSOLUTE
    ../clib/signal.c                         0x00000000   Number         0  defsig_stak_inner.o ABSOLUTE
    ../clib/signal.c                         0x00000000   Number         0  defsig_rtred_inner.o ABSOLUTE
    ../clib/signal.c                         0x00000000   Number         0  defsig_rtmem_formal.o ABSOLUTE
    ../clib/signal.c                         0x00000000   Number         0  defsig_rtmem_outer.o ABSOLUTE
    ../clib/signal.s                         0x00000000   Number         0  defsig.o ABSOLUTE
    ../clib/stdlib.c                         0x00000000   Number         0  exit.o ABSOLUTE
    ../clib/stdlib.c                         0x00000000   Number         0  rand.o ABSOLUTE
    ../clib/stdlib.c                         0x00000000   Number         0  rand.o ABSOLUTE
    ../fplib/d2f.s                           0x00000000   Number         0  d2f.o ABSOLUTE
    ../fplib/daddsub.s                       0x00000000   Number         0  daddsub_clz.o ABSOLUTE
    ../fplib/ddiv.s                          0x00000000   Number         0  ddiv.o ABSOLUTE
    ../fplib/dflt.s                          0x00000000   Number         0  dflt_clz.o ABSOLUTE
    ../fplib/dmul.s                          0x00000000   Number         0  dmul.o ABSOLUTE
    ../fplib/dnaninf.s                       0x00000000   Number         0  dnaninf.o ABSOLUTE
    ../fplib/dretinf.s                       0x00000000   Number         0  dretinf.o ABSOLUTE
    ../fplib/fcmpi.s                         0x00000000   Number         0  fcmpi.o ABSOLUTE
    ../fplib/fleqf.s                         0x00000000   Number         0  fleqf.o ABSOLUTE
    ../fplib/fnaninf.s                       0x00000000   Number         0  fnaninf.o ABSOLUTE
    ../fplib/fpinit.s                        0x00000000   Number         0  fpinit.o ABSOLUTE
    ../fplib/fretinf.s                       0x00000000   Number         0  fretinf.o ABSOLUTE
    ../fplib/frleqf.s                        0x00000000   Number         0  frleqf.o ABSOLUTE
    ../fplib/usenofp.s                       0x00000000   Number         0  usenofp.o ABSOLUTE
    ..\Libraries\CMSIS\core_cm3.c            0x00000000   Number         0  core_cm3.o ABSOLUTE
    ..\Libraries\CMSIS\startup\startup_stm32f10x_hd.s 0x00000000   Number         0  startup_stm32f10x_hd.o ABSOLUTE
    ..\Libraries\CMSIS\system_stm32f10x.c    0x00000000   Number         0  system_stm32f10x.o ABSOLUTE
    ..\Libraries\STM32F10x_StdPeriph_Driver\src\misc.c 0x00000000   Number         0  misc.o ABSOLUTE
    ..\Libraries\STM32F10x_StdPeriph_Driver\src\stm32f10x_adc.c 0x00000000   Number         0  stm32f10x_adc.o ABSOLUTE
    ..\Libraries\STM32F10x_StdPeriph_Driver\src\stm32f10x_bkp.c 0x00000000   Number         0  stm32f10x_bkp.o ABSOLUTE
    ..\Libraries\STM32F10x_StdPeriph_Driver\src\stm32f10x_can.c 0x00000000   Number         0  stm32f10x_can.o ABSOLUTE
    ..\Libraries\STM32F10x_StdPeriph_Driver\src\stm32f10x_cec.c 0x00000000   Number         0  stm32f10x_cec.o ABSOLUTE
    ..\Libraries\STM32F10x_StdPeriph_Driver\src\stm32f10x_crc.c 0x00000000   Number         0  stm32f10x_crc.o ABSOLUTE
    ..\Libraries\STM32F10x_StdPeriph_Driver\src\stm32f10x_dac.c 0x00000000   Number         0  stm32f10x_dac.o ABSOLUTE
    ..\Libraries\STM32F10x_StdPeriph_Driver\src\stm32f10x_dbgmcu.c 0x00000000   Number         0  stm32f10x_dbgmcu.o ABSOLUTE
    ..\Libraries\STM32F10x_StdPeriph_Driver\src\stm32f10x_dma.c 0x00000000   Number         0  stm32f10x_dma.o ABSOLUTE
    ..\Libraries\STM32F10x_StdPeriph_Driver\src\stm32f10x_exti.c 0x00000000   Number         0  stm32f10x_exti.o ABSOLUTE
    ..\Libraries\STM32F10x_StdPeriph_Driver\src\stm32f10x_flash.c 0x00000000   Number         0  stm32f10x_flash.o ABSOLUTE
    ..\Libraries\STM32F10x_StdPeriph_Driver\src\stm32f10x_fsmc.c 0x00000000   Number         0  stm32f10x_fsmc.o ABSOLUTE
    ..\Libraries\STM32F10x_StdPeriph_Driver\src\stm32f10x_gpio.c 0x00000000   Number         0  stm32f10x_gpio.o ABSOLUTE
    ..\Libraries\STM32F10x_StdPeriph_Driver\src\stm32f10x_i2c.c 0x00000000   Number         0  stm32f10x_i2c.o ABSOLUTE
    ..\Libraries\STM32F10x_StdPeriph_Driver\src\stm32f10x_iwdg.c 0x00000000   Number         0  stm32f10x_iwdg.o ABSOLUTE
    ..\Libraries\STM32F10x_StdPeriph_Driver\src\stm32f10x_pwr.c 0x00000000   Number         0  stm32f10x_pwr.o ABSOLUTE
    ..\Libraries\STM32F10x_StdPeriph_Driver\src\stm32f10x_rcc.c 0x00000000   Number         0  stm32f10x_rcc.o ABSOLUTE
    ..\Libraries\STM32F10x_StdPeriph_Driver\src\stm32f10x_rtc.c 0x00000000   Number         0  stm32f10x_rtc.o ABSOLUTE
    ..\Libraries\STM32F10x_StdPeriph_Driver\src\stm32f10x_sdio.c 0x00000000   Number         0  stm32f10x_sdio.o ABSOLUTE
    ..\Libraries\STM32F10x_StdPeriph_Driver\src\stm32f10x_spi.c 0x00000000   Number         0  stm32f10x_spi.o ABSOLUTE
    ..\Libraries\STM32F10x_StdPeriph_Driver\src\stm32f10x_tim.c 0x00000000   Number         0  stm32f10x_tim.o ABSOLUTE
    ..\Libraries\STM32F10x_StdPeriph_Driver\src\stm32f10x_usart.c 0x00000000   Number         0  stm32f10x_usart.o ABSOLUTE
    ..\Libraries\STM32F10x_StdPeriph_Driver\src\stm32f10x_wwdg.c 0x00000000   Number         0  stm32f10x_wwdg.o ABSOLUTE
    ..\OLED\delay.c                          0x00000000   Number         0  delay_1.o ABSOLUTE
    ..\OLED\gui.c                            0x00000000   Number         0  gui.o ABSOLUTE
    ..\OLED\oled.c                           0x00000000   Number         0  oled.o ABSOLUTE
    ..\OLED\spi.c                            0x00000000   Number         0  spi.o ABSOLUTE
    ..\OLED\sys.c                            0x00000000   Number         0  sys.o ABSOLUTE
    ..\OLED\test.c                           0x00000000   Number         0  test.o ABSOLUTE
    ..\User\AHT20.c                          0x00000000   Number         0  aht20.o ABSOLUTE
    ..\User\Delay.c                          0x00000000   Number         0  delay.o ABSOLUTE
    ..\User\External_interrupt.c             0x00000000   Number         0  external_interrupt.o ABSOLUTE
    ..\User\I2C.c                            0x00000000   Number         0  i2c.o ABSOLUTE
    ..\User\UART.c                           0x00000000   Number         0  uart.o ABSOLUTE
    ..\User\main.c.c                         0x00000000   Number         0  main.c.o ABSOLUTE
    ..\User\stm32f10x_it.c.c                 0x00000000   Number         0  stm32f10x_it.c.o ABSOLUTE
    ..\\Libraries\\CMSIS\\core_cm3.c         0x00000000   Number         0  core_cm3.o ABSOLUTE
    dc.s                                     0x00000000   Number         0  dc.o ABSOLUTE
    RESET                                    0x08000000   Section      304  startup_stm32f10x_hd.o(RESET)
    !!!main                                  0x08000130   Section        8  __main.o(!!!main)
    !!!scatter                               0x08000138   Section       52  __scatter.o(!!!scatter)
    !!handler_copy                           0x0800016c   Section       26  __scatter_copy.o(!!handler_copy)
    !!handler_zi                             0x08000188   Section       28  __scatter_zi.o(!!handler_zi)
    .ARM.Collect$$libinit$$00000000          0x080001a4   Section        2  libinit.o(.ARM.Collect$$libinit$$00000000)
    .ARM.Collect$$libinit$$00000002          0x080001a6   Section        0  libinit2.o(.ARM.Collect$$libinit$$00000002)
    .ARM.Collect$$libinit$$00000004          0x080001a6   Section        0  libinit2.o(.ARM.Collect$$libinit$$00000004)
    .ARM.Collect$$libinit$$0000000A          0x080001a6   Section        0  libinit2.o(.ARM.Collect$$libinit$$0000000A)
    .ARM.Collect$$libinit$$0000000C          0x080001a6   Section        0  libinit2.o(.ARM.Collect$$libinit$$0000000C)
    .ARM.Collect$$libinit$$0000000E          0x080001a6   Section        0  libinit2.o(.ARM.Collect$$libinit$$0000000E)
    .ARM.Collect$$libinit$$00000011          0x080001a6   Section        0  libinit2.o(.ARM.Collect$$libinit$$00000011)
    .ARM.Collect$$libinit$$00000013          0x080001a6   Section        0  libinit2.o(.ARM.Collect$$libinit$$00000013)
    .ARM.Collect$$libinit$$00000015          0x080001a6   Section        0  libinit2.o(.ARM.Collect$$libinit$$00000015)
    .ARM.Collect$$libinit$$00000017          0x080001a6   Section        0  libinit2.o(.ARM.Collect$$libinit$$00000017)
    .ARM.Collect$$libinit$$00000019          0x080001a6   Section        0  libinit2.o(.ARM.Collect$$libinit$$00000019)
    .ARM.Collect$$libinit$$0000001B          0x080001a6   Section        0  libinit2.o(.ARM.Collect$$libinit$$0000001B)
    .ARM.Collect$$libinit$$0000001D          0x080001a6   Section        0  libinit2.o(.ARM.Collect$$libinit$$0000001D)
    .ARM.Collect$$libinit$$0000001F          0x080001a6   Section        0  libinit2.o(.ARM.Collect$$libinit$$0000001F)
    .ARM.Collect$$libinit$$00000021          0x080001a6   Section        0  libinit2.o(.ARM.Collect$$libinit$$00000021)
    .ARM.Collect$$libinit$$00000023          0x080001a6   Section        0  libinit2.o(.ARM.Collect$$libinit$$00000023)
    .ARM.Collect$$libinit$$00000025          0x080001a6   Section        0  libinit2.o(.ARM.Collect$$libinit$$00000025)
    .ARM.Collect$$libinit$$0000002C          0x080001a6   Section        0  libinit2.o(.ARM.Collect$$libinit$$0000002C)
    .ARM.Collect$$libinit$$0000002E          0x080001a6   Section        0  libinit2.o(.ARM.Collect$$libinit$$0000002E)
    .ARM.Collect$$libinit$$00000030          0x080001a6   Section        0  libinit2.o(.ARM.Collect$$libinit$$00000030)
    .ARM.Collect$$libinit$$00000032          0x080001a6   Section        0  libinit2.o(.ARM.Collect$$libinit$$00000032)
    .ARM.Collect$$libinit$$00000033          0x080001a6   Section        2  libinit2.o(.ARM.Collect$$libinit$$00000033)
    .ARM.Collect$$libshutdown$$00000000      0x080001a8   Section        2  libshutdown.o(.ARM.Collect$$libshutdown$$00000000)
    .ARM.Collect$$libshutdown$$00000002      0x080001aa   Section        0  libshutdown2.o(.ARM.Collect$$libshutdown$$00000002)
    .ARM.Collect$$libshutdown$$00000004      0x080001aa   Section        0  libshutdown2.o(.ARM.Collect$$libshutdown$$00000004)
    .ARM.Collect$$libshutdown$$00000006      0x080001aa   Section        0  libshutdown2.o(.ARM.Collect$$libshutdown$$00000006)
    .ARM.Collect$$libshutdown$$00000009      0x080001aa   Section        0  libshutdown2.o(.ARM.Collect$$libshutdown$$00000009)
    .ARM.Collect$$libshutdown$$0000000C      0x080001aa   Section        0  libshutdown2.o(.ARM.Collect$$libshutdown$$0000000C)
    .ARM.Collect$$libshutdown$$0000000E      0x080001aa   Section        0  libshutdown2.o(.ARM.Collect$$libshutdown$$0000000E)
    .ARM.Collect$$libshutdown$$00000011      0x080001aa   Section        0  libshutdown2.o(.ARM.Collect$$libshutdown$$00000011)
    .ARM.Collect$$libshutdown$$00000012      0x080001aa   Section        2  libshutdown2.o(.ARM.Collect$$libshutdown$$00000012)
    .ARM.Collect$$rtentry$$00000000          0x080001ac   Section        0  __rtentry.o(.ARM.Collect$$rtentry$$00000000)
    .ARM.Collect$$rtentry$$00000002          0x080001ac   Section        0  __rtentry2.o(.ARM.Collect$$rtentry$$00000002)
    .ARM.Collect$$rtentry$$00000004          0x080001ac   Section        6  __rtentry4.o(.ARM.Collect$$rtentry$$00000004)
    .ARM.Collect$$rtentry$$00000009          0x080001b2   Section        0  __rtentry2.o(.ARM.Collect$$rtentry$$00000009)
    .ARM.Collect$$rtentry$$0000000A          0x080001b2   Section        4  __rtentry2.o(.ARM.Collect$$rtentry$$0000000A)
    .ARM.Collect$$rtentry$$0000000C          0x080001b6   Section        0  __rtentry2.o(.ARM.Collect$$rtentry$$0000000C)
    .ARM.Collect$$rtentry$$0000000D          0x080001b6   Section        8  __rtentry2.o(.ARM.Collect$$rtentry$$0000000D)
    .ARM.Collect$$rtexit$$00000000           0x080001be   Section        2  rtexit.o(.ARM.Collect$$rtexit$$00000000)
    .ARM.Collect$$rtexit$$00000002           0x080001c0   Section        0  rtexit2.o(.ARM.Collect$$rtexit$$00000002)
    .ARM.Collect$$rtexit$$00000003           0x080001c0   Section        4  rtexit2.o(.ARM.Collect$$rtexit$$00000003)
    .ARM.Collect$$rtexit$$00000004           0x080001c4   Section        6  rtexit2.o(.ARM.Collect$$rtexit$$00000004)
    .text                                    0x080001cc   Section       64  startup_stm32f10x_hd.o(.text)
    .text                                    0x0800020c   Section        2  use_no_semi_2.o(.text)
    .text                                    0x0800020e   Section       16  aeabi_memset.o(.text)
    .text                                    0x0800021e   Section       68  rt_memclr.o(.text)
    .text                                    0x08000262   Section        0  heapauxi.o(.text)
    .text                                    0x08000268   Section        2  use_no_semi.o(.text)
    .text                                    0x0800026a   Section       78  rt_memclr_w.o(.text)
    .text                                    0x080002b8   Section       74  sys_stackheap_outer.o(.text)
    .text                                    0x08000302   Section        0  exit.o(.text)
    .text                                    0x08000314   Section        8  libspace.o(.text)
    i.AHT20_IcInitCmd                        0x0800031c   Section        0  aht20.o(i.AHT20_IcInitCmd)
    AHT20_IcInitCmd                          0x0800031d   Thumb Code    28  aht20.o(i.AHT20_IcInitCmd)
    i.AHT20_Init                             0x08000338   Section        0  aht20.o(i.AHT20_Init)
    i.AHT20_ReadBusyCmd                      0x08000390   Section        0  aht20.o(i.AHT20_ReadBusyCmd)
    AHT20_ReadBusyCmd                        0x08000391   Thumb Code    12  aht20.o(i.AHT20_ReadBusyCmd)
    i.AHT20_ReadCalEnableCmd                 0x0800039c   Section        0  aht20.o(i.AHT20_ReadCalEnableCmd)
    AHT20_ReadCalEnableCmd                   0x0800039d   Thumb Code    14  aht20.o(i.AHT20_ReadCalEnableCmd)
    i.AHT20_ReadHT                           0x080003aa   Section        0  aht20.o(i.AHT20_ReadHT)
    i.AHT20_ReadStatusCmd                    0x08000422   Section        0  aht20.o(i.AHT20_ReadStatusCmd)
    AHT20_ReadStatusCmd                      0x08000423   Thumb Code    20  aht20.o(i.AHT20_ReadStatusCmd)
    i.AHT20_SoftResetCmd                     0x08000436   Section        0  aht20.o(i.AHT20_SoftResetCmd)
    AHT20_SoftResetCmd                       0x08000437   Thumb Code    16  aht20.o(i.AHT20_SoftResetCmd)
    i.AHT20_TrigMeasureCmd                   0x08000446   Section        0  aht20.o(i.AHT20_TrigMeasureCmd)
    AHT20_TrigMeasureCmd                     0x08000447   Thumb Code    28  aht20.o(i.AHT20_TrigMeasureCmd)
    i.BusFault_Handler                       0x08000462   Section        0  stm32f10x_it.c.o(i.BusFault_Handler)
    i.DebugMon_Handler                       0x08000466   Section        0  stm32f10x_it.c.o(i.DebugMon_Handler)
    i.Delay_Init                             0x08000468   Section        0  delay.o(i.Delay_Init)
    i.Delay_ms                               0x080004ac   Section        0  delay.o(i.Delay_ms)
    i.Delay_us                               0x080004f8   Section        0  delay.o(i.Delay_us)
    i.GPIO_Init                              0x08000544   Section        0  stm32f10x_gpio.o(i.GPIO_Init)
    i.GPIO_ResetBits                         0x0800065a   Section        0  stm32f10x_gpio.o(i.GPIO_ResetBits)
    i.GPIO_SetBits                           0x0800065e   Section        0  stm32f10x_gpio.o(i.GPIO_SetBits)
    i.HardFault_Handler                      0x08000662   Section        0  stm32f10x_it.c.o(i.HardFault_Handler)
    i.I2C_ACK                                0x08000668   Section        0  i2c.o(i.I2C_ACK)
    i.I2C_NACK                               0x080006b8   Section        0  i2c.o(i.I2C_NACK)
    i.I2C_Read_Byte                          0x08000708   Section        0  i2c.o(i.I2C_Read_Byte)
    i.I2C_Send_Byte                          0x08000778   Section        0  i2c.o(i.I2C_Send_Byte)
    i.I2C_Start                              0x080007e0   Section        0  i2c.o(i.I2C_Start)
    i.I2C_Stop                               0x0800082c   Section        0  i2c.o(i.I2C_Stop)
    i.I2C_Wait_ACK                           0x08000878   Section        0  i2c.o(i.I2C_Wait_ACK)
    i.IIC_Init                               0x080008dc   Section        0  i2c.o(i.IIC_Init)
    i.MemManage_Handler                      0x08000910   Section        0  stm32f10x_it.c.o(i.MemManage_Handler)
    i.My_Uart_Init                           0x08000914   Section        0  uart.o(i.My_Uart_Init)
    i.NMI_Handler                            0x080009bc   Section        0  stm32f10x_it.c.o(i.NMI_Handler)
    i.NVIC_Configuration                     0x080009be   Section        0  sys.o(i.NVIC_Configuration)
    i.NVIC_Init                              0x080009cc   Section        0  misc.o(i.NVIC_Init)
    i.NVIC_PriorityGroupConfig               0x08000a3c   Section        0  misc.o(i.NVIC_PriorityGroupConfig)
    i.OLED_Clear                             0x08000a50   Section        0  oled.o(i.OLED_Clear)
    i.OLED_Display                           0x08000a78   Section        0  oled.o(i.OLED_Display)
    i.OLED_Init                              0x08000ac0   Section        0  oled.o(i.OLED_Init)
    i.OLED_Init_GPIO                         0x08000b9c   Section        0  oled.o(i.OLED_Init_GPIO)
    i.OLED_Reset                             0x08000bd4   Section        0  oled.o(i.OLED_Reset)
    i.OLED_WR_Byte                           0x08000c08   Section        0  oled.o(i.OLED_WR_Byte)
    i.PendSV_Handler                         0x08000c48   Section        0  stm32f10x_it.c.o(i.PendSV_Handler)
    i.RCC_APB2PeriphClockCmd                 0x08000c4c   Section        0  stm32f10x_rcc.o(i.RCC_APB2PeriphClockCmd)
    i.RCC_GetClocksFreq                      0x08000c6c   Section        0  stm32f10x_rcc.o(i.RCC_GetClocksFreq)
    i.SPI_WriteByte                          0x08000d40   Section        0  spi.o(i.SPI_WriteByte)
    i.SVC_Handler                            0x08000d8c   Section        0  stm32f10x_it.c.o(i.SVC_Handler)
    i.SetSysClock                            0x08000d8e   Section        0  system_stm32f10x.o(i.SetSysClock)
    SetSysClock                              0x08000d8f   Thumb Code     8  system_stm32f10x.o(i.SetSysClock)
    i.SetSysClockTo72                        0x08000d98   Section        0  system_stm32f10x.o(i.SetSysClockTo72)
    SetSysClockTo72                          0x08000d99   Thumb Code   214  system_stm32f10x.o(i.SetSysClockTo72)
    i.Soft_I2C_Read                          0x08000e78   Section        0  aht20.o(i.Soft_I2C_Read)
    i.Soft_I2C_Write                         0x08000eec   Section        0  aht20.o(i.Soft_I2C_Write)
    i.StandardUnitCon                        0x08000f4c   Section        0  aht20.o(i.StandardUnitCon)
    i.SysTick_CLKSourceConfig                0x0800100c   Section        0  misc.o(i.SysTick_CLKSourceConfig)
    i.SysTick_Handler                        0x08001034   Section        0  stm32f10x_it.c.o(i.SysTick_Handler)
    i.SystemInit                             0x08001038   Section        0  system_stm32f10x.o(i.SystemInit)
    i.TIM3_IRQHandler                        0x08001098   Section        0  stm32f10x_it.c.o(i.TIM3_IRQHandler)
    i.TIM4_IRQHandler                        0x080010b4   Section        0  stm32f10x_it.c.o(i.TIM4_IRQHandler)
    i.USART2_IRQHandler                      0x080010d0   Section        0  stm32f10x_it.c.o(i.USART2_IRQHandler)
    i.USART_Cmd                              0x080010d2   Section        0  stm32f10x_usart.o(i.USART_Cmd)
    i.USART_ITConfig                         0x080010ea   Section        0  stm32f10x_usart.o(i.USART_ITConfig)
    i.USART_Init                             0x08001134   Section        0  stm32f10x_usart.o(i.USART_Init)
    i.UsageFault_Handler                     0x0800120c   Section        0  stm32f10x_it.c.o(i.UsageFault_Handler)
    i._sys_exit                              0x08001210   Section        0  uart.o(i._sys_exit)
    i.delay_init                             0x08001218   Section        0  delay_1.o(i.delay_init)
    i.delay_ms                               0x0800125c   Section        0  delay_1.o(i.delay_ms)
    i.main                                   0x080012a8   Section        0  main.c.o(i.main)
    i.roll                                   0x08001334   Section        0  test.o(i.roll)
    x$fpl$d2f                                0x08001368   Section       98  d2f.o(x$fpl$d2f)
    x$fpl$dadd                               0x080013cc   Section      336  daddsub_clz.o(x$fpl$dadd)
    _dadd1                                   0x080013dd   Thumb Code     0  daddsub_clz.o(x$fpl$dadd)
    x$fpl$ddiv                               0x0800151c   Section      688  ddiv.o(x$fpl$ddiv)
    ddiv_entry                               0x08001523   Thumb Code     0  ddiv.o(x$fpl$ddiv)
    x$fpl$dfltu                              0x080017cc   Section       38  dflt_clz.o(x$fpl$dfltu)
    x$fpl$dmul                               0x080017f4   Section      340  dmul.o(x$fpl$dmul)
    x$fpl$dnaninf                            0x08001948   Section      156  dnaninf.o(x$fpl$dnaninf)
    x$fpl$dretinf                            0x080019e4   Section       12  dretinf.o(x$fpl$dretinf)
    x$fpl$dsub                               0x080019f0   Section      468  daddsub_clz.o(x$fpl$dsub)
    _dsub1                                   0x08001a01   Thumb Code     0  daddsub_clz.o(x$fpl$dsub)
    x$fpl$fcmpinf                            0x08001bc4   Section       24  fcmpi.o(x$fpl$fcmpinf)
    x$fpl$fleqf                              0x08001bdc   Section      104  fleqf.o(x$fpl$fleqf)
    x$fpl$fnaninf                            0x08001c44   Section      140  fnaninf.o(x$fpl$fnaninf)
    x$fpl$fretinf                            0x08001cd0   Section       10  fretinf.o(x$fpl$fretinf)
    x$fpl$frleqf                             0x08001cda   Section       98  frleqf.o(x$fpl$frleqf)
    x$fpl$usenofp                            0x08001d3c   Section        0  usenofp.o(x$fpl$usenofp)
    .data                                    0x20000000   Section       20  system_stm32f10x.o(.data)
    .data                                    0x20000014   Section        4  delay.o(.data)
    fac_us                                   0x20000014   Data           1  delay.o(.data)
    fac_ms                                   0x20000016   Data           2  delay.o(.data)
    .data                                    0x20000018   Section       20  stm32f10x_rcc.o(.data)
    APBAHBPrescTable                         0x20000018   Data          16  stm32f10x_rcc.o(.data)
    ADCPrescTable                            0x20000028   Data           4  stm32f10x_rcc.o(.data)
    .data                                    0x2000002c   Section        4  delay_1.o(.data)
    fac_us                                   0x2000002c   Data           1  delay_1.o(.data)
    fac_ms                                   0x2000002e   Data           2  delay_1.o(.data)
    .bss                                     0x20000030   Section       20  main.c.o(.bss)
    .bss                                     0x20000044   Section     1024  oled.o(.bss)
    OLED_buffer                              0x20000044   Data        1024  oled.o(.bss)
    .bss                                     0x20000444   Section       96  libspace.o(.bss)
    HEAP                                     0x200004a8   Section      512  startup_stm32f10x_hd.o(HEAP)
    Heap_Mem                                 0x200004a8   Data         512  startup_stm32f10x_hd.o(HEAP)
    STACK                                    0x200006a8   Section     1024  startup_stm32f10x_hd.o(STACK)
    Stack_Mem                                0x200006a8   Data        1024  startup_stm32f10x_hd.o(STACK)
    __initial_sp                             0x20000aa8   Data           0  startup_stm32f10x_hd.o(STACK)

    Global Symbols

    Symbol Name                              Value     Ov Type        Size  Object(Section)

    BuildAttributes$$THM_ISAv4$P$D$K$B$S$PE$A:L22UL41UL21$X:L11$S22US41US21$IEEE1$IW$USESV6$~STKCKD$USESV7$~SHL$OSPACE$ROPI$EBA8$UX$STANDARDLIB$REQ8$PRES8$EABIv2 0x00000000   Number         0  anon$$obj.o ABSOLUTE
    __ARM_use_no_argv                        0x00000000   Number         0  main.c.o ABSOLUTE
    __ARM_exceptions_init                     - Undefined Weak Reference
    __alloca_initialize                       - Undefined Weak Reference
    __arm_fini_                               - Undefined Weak Reference
    __arm_preinit_                            - Undefined Weak Reference
    __cpp_initialize__aeabi_                  - Undefined Weak Reference
    __cxa_finalize                            - Undefined Weak Reference
    __rt_locale                               - Undefined Weak Reference
    __sigvec_lookup                           - Undefined Weak Reference
    _atexit_init                              - Undefined Weak Reference
    _call_atexit_fns                          - Undefined Weak Reference
    _clock_init                               - Undefined Weak Reference
    _fp_trap_init                             - Undefined Weak Reference
    _fp_trap_shutdown                         - Undefined Weak Reference
    _get_lc_collate                           - Undefined Weak Reference
    _get_lc_ctype                             - Undefined Weak Reference
    _get_lc_monetary                          - Undefined Weak Reference
    _get_lc_numeric                           - Undefined Weak Reference
    _get_lc_time                              - Undefined Weak Reference
    _getenv_init                              - Undefined Weak Reference
    _handle_redirection                       - Undefined Weak Reference
    _init_alloc                               - Undefined Weak Reference
    _init_user_alloc                          - Undefined Weak Reference
    _initio                                   - Undefined Weak Reference
    _signal_finish                            - Undefined Weak Reference
    _signal_init                              - Undefined Weak Reference
    _terminate_alloc                          - Undefined Weak Reference
    _terminate_user_alloc                     - Undefined Weak Reference
    _terminateio                              - Undefined Weak Reference
    __Vectors_Size                           0x00000130   Number         0  startup_stm32f10x_hd.o ABSOLUTE
    __Vectors                                0x08000000   Data           4  startup_stm32f10x_hd.o(RESET)
    __Vectors_End                            0x08000130   Data           0  startup_stm32f10x_hd.o(RESET)
    __main                                   0x08000131   Thumb Code     8  __main.o(!!!main)
    __scatterload                            0x08000139   Thumb Code     0  __scatter.o(!!!scatter)
    __scatterload_rt2                        0x08000139   Thumb Code    44  __scatter.o(!!!scatter)
    __scatterload_rt2_thumb_only             0x08000139   Thumb Code     0  __scatter.o(!!!scatter)
    __scatterload_null                       0x08000147   Thumb Code     0  __scatter.o(!!!scatter)
    __scatterload_copy                       0x0800016d   Thumb Code    26  __scatter_copy.o(!!handler_copy)
    __scatterload_zeroinit                   0x08000189   Thumb Code    28  __scatter_zi.o(!!handler_zi)
    __rt_lib_init                            0x080001a5   Thumb Code     0  libinit.o(.ARM.Collect$$libinit$$00000000)
    __rt_lib_init_alloca_1                   0x080001a7   Thumb Code     0  libinit2.o(.ARM.Collect$$libinit$$0000002E)
    __rt_lib_init_argv_1                     0x080001a7   Thumb Code     0  libinit2.o(.ARM.Collect$$libinit$$0000002C)
    __rt_lib_init_atexit_1                   0x080001a7   Thumb Code     0  libinit2.o(.ARM.Collect$$libinit$$0000001B)
    __rt_lib_init_clock_1                    0x080001a7   Thumb Code     0  libinit2.o(.ARM.Collect$$libinit$$00000021)
    __rt_lib_init_cpp_1                      0x080001a7   Thumb Code     0  libinit2.o(.ARM.Collect$$libinit$$00000032)
    __rt_lib_init_exceptions_1               0x080001a7   Thumb Code     0  libinit2.o(.ARM.Collect$$libinit$$00000030)
    __rt_lib_init_fp_1                       0x080001a7   Thumb Code     0  libinit2.o(.ARM.Collect$$libinit$$00000002)
    __rt_lib_init_fp_trap_1                  0x080001a7   Thumb Code     0  libinit2.o(.ARM.Collect$$libinit$$0000001F)
    __rt_lib_init_getenv_1                   0x080001a7   Thumb Code     0  libinit2.o(.ARM.Collect$$libinit$$00000023)
    __rt_lib_init_heap_1                     0x080001a7   Thumb Code     0  libinit2.o(.ARM.Collect$$libinit$$0000000A)
    __rt_lib_init_lc_collate_1               0x080001a7   Thumb Code     0  libinit2.o(.ARM.Collect$$libinit$$00000011)
    __rt_lib_init_lc_ctype_1                 0x080001a7   Thumb Code     0  libinit2.o(.ARM.Collect$$libinit$$00000013)
    __rt_lib_init_lc_monetary_1              0x080001a7   Thumb Code     0  libinit2.o(.ARM.Collect$$libinit$$00000015)
    __rt_lib_init_lc_numeric_1               0x080001a7   Thumb Code     0  libinit2.o(.ARM.Collect$$libinit$$00000017)
    __rt_lib_init_lc_time_1                  0x080001a7   Thumb Code     0  libinit2.o(.ARM.Collect$$libinit$$00000019)
    __rt_lib_init_preinit_1                  0x080001a7   Thumb Code     0  libinit2.o(.ARM.Collect$$libinit$$00000004)
    __rt_lib_init_rand_1                     0x080001a7   Thumb Code     0  libinit2.o(.ARM.Collect$$libinit$$0000000E)
    __rt_lib_init_return                     0x080001a7   Thumb Code     0  libinit2.o(.ARM.Collect$$libinit$$00000033)
    __rt_lib_init_signal_1                   0x080001a7   Thumb Code     0  libinit2.o(.ARM.Collect$$libinit$$0000001D)
    __rt_lib_init_stdio_1                    0x080001a7   Thumb Code     0  libinit2.o(.ARM.Collect$$libinit$$00000025)
    __rt_lib_init_user_alloc_1               0x080001a7   Thumb Code     0  libinit2.o(.ARM.Collect$$libinit$$0000000C)
    __rt_lib_shutdown                        0x080001a9   Thumb Code     0  libshutdown.o(.ARM.Collect$$libshutdown$$00000000)
    __rt_lib_shutdown_cpp_1                  0x080001ab   Thumb Code     0  libshutdown2.o(.ARM.Collect$$libshutdown$$00000004)
    __rt_lib_shutdown_fini_1                 0x080001ab   Thumb Code     0  libshutdown2.o(.ARM.Collect$$libshutdown$$00000002)
    __rt_lib_shutdown_fp_trap_1              0x080001ab   Thumb Code     0  libshutdown2.o(.ARM.Collect$$libshutdown$$00000009)
    __rt_lib_shutdown_heap_1                 0x080001ab   Thumb Code     0  libshutdown2.o(.ARM.Collect$$libshutdown$$00000011)
    __rt_lib_shutdown_return                 0x080001ab   Thumb Code     0  libshutdown2.o(.ARM.Collect$$libshutdown$$00000012)
    __rt_lib_shutdown_signal_1               0x080001ab   Thumb Code     0  libshutdown2.o(.ARM.Collect$$libshutdown$$0000000C)
    __rt_lib_shutdown_stdio_1                0x080001ab   Thumb Code     0  libshutdown2.o(.ARM.Collect$$libshutdown$$00000006)
    __rt_lib_shutdown_user_alloc_1           0x080001ab   Thumb Code     0  libshutdown2.o(.ARM.Collect$$libshutdown$$0000000E)
    __rt_entry                               0x080001ad   Thumb Code     0  __rtentry.o(.ARM.Collect$$rtentry$$00000000)
    __rt_entry_presh_1                       0x080001ad   Thumb Code     0  __rtentry2.o(.ARM.Collect$$rtentry$$00000002)
    __rt_entry_sh                            0x080001ad   Thumb Code     0  __rtentry4.o(.ARM.Collect$$rtentry$$00000004)
    __rt_entry_li                            0x080001b3   Thumb Code     0  __rtentry2.o(.ARM.Collect$$rtentry$$0000000A)
    __rt_entry_postsh_1                      0x080001b3   Thumb Code     0  __rtentry2.o(.ARM.Collect$$rtentry$$00000009)
    __rt_entry_main                          0x080001b7   Thumb Code     0  __rtentry2.o(.ARM.Collect$$rtentry$$0000000D)
    __rt_entry_postli_1                      0x080001b7   Thumb Code     0  __rtentry2.o(.ARM.Collect$$rtentry$$0000000C)
    __rt_exit                                0x080001bf   Thumb Code     0  rtexit.o(.ARM.Collect$$rtexit$$00000000)
    __rt_exit_ls                             0x080001c1   Thumb Code     0  rtexit2.o(.ARM.Collect$$rtexit$$00000003)
    __rt_exit_prels_1                        0x080001c1   Thumb Code     0  rtexit2.o(.ARM.Collect$$rtexit$$00000002)
    __rt_exit_exit                           0x080001c5   Thumb Code     0  rtexit2.o(.ARM.Collect$$rtexit$$00000004)
    Reset_Handler                            0x080001cd   Thumb Code     8  startup_stm32f10x_hd.o(.text)
    ADC1_2_IRQHandler                        0x080001e7   Thumb Code     0  startup_stm32f10x_hd.o(.text)
    ADC3_IRQHandler                          0x080001e7   Thumb Code     0  startup_stm32f10x_hd.o(.text)
    CAN1_RX1_IRQHandler                      0x080001e7   Thumb Code     0  startup_stm32f10x_hd.o(.text)
    CAN1_SCE_IRQHandler                      0x080001e7   Thumb Code     0  startup_stm32f10x_hd.o(.text)
    DMA1_Channel1_IRQHandler                 0x080001e7   Thumb Code     0  startup_stm32f10x_hd.o(.text)
    DMA1_Channel2_IRQHandler                 0x080001e7   Thumb Code     0  startup_stm32f10x_hd.o(.text)
    DMA1_Channel3_IRQHandler                 0x080001e7   Thumb Code     0  startup_stm32f10x_hd.o(.text)
    DMA1_Channel4_IRQHandler                 0x080001e7   Thumb Code     0  startup_stm32f10x_hd.o(.text)
    DMA1_Channel5_IRQHandler                 0x080001e7   Thumb Code     0  startup_stm32f10x_hd.o(.text)
    DMA1_Channel6_IRQHandler                 0x080001e7   Thumb Code     0  startup_stm32f10x_hd.o(.text)
    DMA1_Channel7_IRQHandler                 0x080001e7   Thumb Code     0  startup_stm32f10x_hd.o(.text)
    DMA2_Channel1_IRQHandler                 0x080001e7   Thumb Code     0  startup_stm32f10x_hd.o(.text)
    DMA2_Channel2_IRQHandler                 0x080001e7   Thumb Code     0  startup_stm32f10x_hd.o(.text)
    DMA2_Channel3_IRQHandler                 0x080001e7   Thumb Code     0  startup_stm32f10x_hd.o(.text)
    DMA2_Channel4_5_IRQHandler               0x080001e7   Thumb Code     0  startup_stm32f10x_hd.o(.text)
    EXTI0_IRQHandler                         0x080001e7   Thumb Code     0  startup_stm32f10x_hd.o(.text)
    EXTI15_10_IRQHandler                     0x080001e7   Thumb Code     0  startup_stm32f10x_hd.o(.text)
    EXTI1_IRQHandler                         0x080001e7   Thumb Code     0  startup_stm32f10x_hd.o(.text)
    EXTI2_IRQHandler                         0x080001e7   Thumb Code     0  startup_stm32f10x_hd.o(.text)
    EXTI3_IRQHandler                         0x080001e7   Thumb Code     0  startup_stm32f10x_hd.o(.text)
    EXTI4_IRQHandler                         0x080001e7   Thumb Code     0  startup_stm32f10x_hd.o(.text)
    EXTI9_5_IRQHandler                       0x080001e7   Thumb Code     0  startup_stm32f10x_hd.o(.text)
    FLASH_IRQHandler                         0x080001e7   Thumb Code     0  startup_stm32f10x_hd.o(.text)
    FSMC_IRQHandler                          0x080001e7   Thumb Code     0  startup_stm32f10x_hd.o(.text)
    I2C1_ER_IRQHandler                       0x080001e7   Thumb Code     0  startup_stm32f10x_hd.o(.text)
    I2C1_EV_IRQHandler                       0x080001e7   Thumb Code     0  startup_stm32f10x_hd.o(.text)
    I2C2_ER_IRQHandler                       0x080001e7   Thumb Code     0  startup_stm32f10x_hd.o(.text)
    I2C2_EV_IRQHandler                       0x080001e7   Thumb Code     0  startup_stm32f10x_hd.o(.text)
    PVD_IRQHandler                           0x080001e7   Thumb Code     0  startup_stm32f10x_hd.o(.text)
    RCC_IRQHandler                           0x080001e7   Thumb Code     0  startup_stm32f10x_hd.o(.text)
    RTCAlarm_IRQHandler                      0x080001e7   Thumb Code     0  startup_stm32f10x_hd.o(.text)
    RTC_IRQHandler                           0x080001e7   Thumb Code     0  startup_stm32f10x_hd.o(.text)
    SDIO_IRQHandler                          0x080001e7   Thumb Code     0  startup_stm32f10x_hd.o(.text)
    SPI1_IRQHandler                          0x080001e7   Thumb Code     0  startup_stm32f10x_hd.o(.text)
    SPI2_IRQHandler                          0x080001e7   Thumb Code     0  startup_stm32f10x_hd.o(.text)
    SPI3_IRQHandler                          0x080001e7   Thumb Code     0  startup_stm32f10x_hd.o(.text)
    TAMPER_IRQHandler                        0x080001e7   Thumb Code     0  startup_stm32f10x_hd.o(.text)
    TIM1_BRK_IRQHandler                      0x080001e7   Thumb Code     0  startup_stm32f10x_hd.o(.text)
    TIM1_CC_IRQHandler                       0x080001e7   Thumb Code     0  startup_stm32f10x_hd.o(.text)
    TIM1_TRG_COM_IRQHandler                  0x080001e7   Thumb Code     0  startup_stm32f10x_hd.o(.text)
    TIM1_UP_IRQHandler                       0x080001e7   Thumb Code     0  startup_stm32f10x_hd.o(.text)
    TIM2_IRQHandler                          0x080001e7   Thumb Code     0  startup_stm32f10x_hd.o(.text)
    TIM5_IRQHandler                          0x080001e7   Thumb Code     0  startup_stm32f10x_hd.o(.text)
    TIM6_IRQHandler                          0x080001e7   Thumb Code     0  startup_stm32f10x_hd.o(.text)
    TIM7_IRQHandler                          0x080001e7   Thumb Code     0  startup_stm32f10x_hd.o(.text)
    TIM8_BRK_IRQHandler                      0x080001e7   Thumb Code     0  startup_stm32f10x_hd.o(.text)
    TIM8_CC_IRQHandler                       0x080001e7   Thumb Code     0  startup_stm32f10x_hd.o(.text)
    TIM8_TRG_COM_IRQHandler                  0x080001e7   Thumb Code     0  startup_stm32f10x_hd.o(.text)
    TIM8_UP_IRQHandler                       0x080001e7   Thumb Code     0  startup_stm32f10x_hd.o(.text)
    UART4_IRQHandler                         0x080001e7   Thumb Code     0  startup_stm32f10x_hd.o(.text)
    UART5_IRQHandler                         0x080001e7   Thumb Code     0  startup_stm32f10x_hd.o(.text)
    USART1_IRQHandler                        0x080001e7   Thumb Code     0  startup_stm32f10x_hd.o(.text)
    USART3_IRQHandler                        0x080001e7   Thumb Code     0  startup_stm32f10x_hd.o(.text)
    USBWakeUp_IRQHandler                     0x080001e7   Thumb Code     0  startup_stm32f10x_hd.o(.text)
    USB_HP_CAN1_TX_IRQHandler                0x080001e7   Thumb Code     0  startup_stm32f10x_hd.o(.text)
    USB_LP_CAN1_RX0_IRQHandler               0x080001e7   Thumb Code     0  startup_stm32f10x_hd.o(.text)
    WWDG_IRQHandler                          0x080001e7   Thumb Code     0  startup_stm32f10x_hd.o(.text)
    __user_initial_stackheap                 0x080001e9   Thumb Code     0  startup_stm32f10x_hd.o(.text)
    __use_no_semihosting                     0x0800020d   Thumb Code     2  use_no_semi_2.o(.text)
    __aeabi_memset                           0x0800020f   Thumb Code    16  aeabi_memset.o(.text)
    __aeabi_memclr                           0x0800021f   Thumb Code     0  rt_memclr.o(.text)
    __rt_memclr                              0x0800021f   Thumb Code    68  rt_memclr.o(.text)
    _memset                                  0x08000223   Thumb Code     0  rt_memclr.o(.text)
    __use_two_region_memory                  0x08000263   Thumb Code     2  heapauxi.o(.text)
    __rt_heap_escrow$2region                 0x08000265   Thumb Code     2  heapauxi.o(.text)
    __rt_heap_expand$2region                 0x08000267   Thumb Code     2  heapauxi.o(.text)
    __I$use$semihosting                      0x08000269   Thumb Code     0  use_no_semi.o(.text)
    __use_no_semihosting_swi                 0x08000269   Thumb Code     2  use_no_semi.o(.text)
    __aeabi_memclr4                          0x0800026b   Thumb Code     0  rt_memclr_w.o(.text)
    __aeabi_memclr8                          0x0800026b   Thumb Code     0  rt_memclr_w.o(.text)
    __rt_memclr_w                            0x0800026b   Thumb Code    78  rt_memclr_w.o(.text)
    _memset_w                                0x0800026f   Thumb Code     0  rt_memclr_w.o(.text)
    __user_setup_stackheap                   0x080002b9   Thumb Code    74  sys_stackheap_outer.o(.text)
    exit                                     0x08000303   Thumb Code    18  exit.o(.text)
    __user_libspace                          0x08000315   Thumb Code     8  libspace.o(.text)
    __user_perproc_libspace                  0x08000315   Thumb Code     0  libspace.o(.text)
    __user_perthread_libspace                0x08000315   Thumb Code     0  libspace.o(.text)
    AHT20_Init                               0x08000339   Thumb Code    88  aht20.o(i.AHT20_Init)
    AHT20_ReadHT                             0x080003ab   Thumb Code   120  aht20.o(i.AHT20_ReadHT)
    BusFault_Handler                         0x08000463   Thumb Code     4  stm32f10x_it.c.o(i.BusFault_Handler)
    DebugMon_Handler                         0x08000467   Thumb Code     2  stm32f10x_it.c.o(i.DebugMon_Handler)
    Delay_Init                               0x08000469   Thumb Code    50  delay.o(i.Delay_Init)
    Delay_ms                                 0x080004ad   Thumb Code    72  delay.o(i.Delay_ms)
    Delay_us                                 0x080004f9   Thumb Code    72  delay.o(i.Delay_us)
    GPIO_Init                                0x08000545   Thumb Code   278  stm32f10x_gpio.o(i.GPIO_Init)
    GPIO_ResetBits                           0x0800065b   Thumb Code     4  stm32f10x_gpio.o(i.GPIO_ResetBits)
    GPIO_SetBits                             0x0800065f   Thumb Code     4  stm32f10x_gpio.o(i.GPIO_SetBits)
    HardFault_Handler                        0x08000663   Thumb Code     4  stm32f10x_it.c.o(i.HardFault_Handler)
    I2C_ACK                                  0x08000669   Thumb Code    66  i2c.o(i.I2C_ACK)
    I2C_NACK                                 0x080006b9   Thumb Code    66  i2c.o(i.I2C_NACK)
    I2C_Read_Byte                            0x08000709   Thumb Code    98  i2c.o(i.I2C_Read_Byte)
    I2C_Send_Byte                            0x08000779   Thumb Code    90  i2c.o(i.I2C_Send_Byte)
    I2C_Start                                0x080007e1   Thumb Code    64  i2c.o(i.I2C_Start)
    I2C_Stop                                 0x0800082d   Thumb Code    64  i2c.o(i.I2C_Stop)
    I2C_Wait_ACK                             0x08000879   Thumb Code    86  i2c.o(i.I2C_Wait_ACK)
    IIC_Init                                 0x080008dd   Thumb Code    46  i2c.o(i.IIC_Init)
    MemManage_Handler                        0x08000911   Thumb Code     4  stm32f10x_it.c.o(i.MemManage_Handler)
    My_Uart_Init                             0x08000915   Thumb Code   160  uart.o(i.My_Uart_Init)
    NMI_Handler                              0x080009bd   Thumb Code     2  stm32f10x_it.c.o(i.NMI_Handler)
    NVIC_Configuration                       0x080009bf   Thumb Code    12  sys.o(i.NVIC_Configuration)
    NVIC_Init                                0x080009cd   Thumb Code   100  misc.o(i.NVIC_Init)
    NVIC_PriorityGroupConfig                 0x08000a3d   Thumb Code    10  misc.o(i.NVIC_PriorityGroupConfig)
    OLED_Clear                               0x08000a51   Thumb Code    36  oled.o(i.OLED_Clear)
    OLED_Display                             0x08000a79   Thumb Code    68  oled.o(i.OLED_Display)
    OLED_Init                                0x08000ac1   Thumb Code   218  oled.o(i.OLED_Init)
    OLED_Init_GPIO                           0x08000b9d   Thumb Code    50  oled.o(i.OLED_Init_GPIO)
    OLED_Reset                               0x08000bd5   Thumb Code    46  oled.o(i.OLED_Reset)
    OLED_WR_Byte                             0x08000c09   Thumb Code    58  oled.o(i.OLED_WR_Byte)
    PendSV_Handler                           0x08000c49   Thumb Code     2  stm32f10x_it.c.o(i.PendSV_Handler)
    RCC_APB2PeriphClockCmd                   0x08000c4d   Thumb Code    26  stm32f10x_rcc.o(i.RCC_APB2PeriphClockCmd)
    RCC_GetClocksFreq                        0x08000c6d   Thumb Code   192  stm32f10x_rcc.o(i.RCC_GetClocksFreq)
    SPI_WriteByte                            0x08000d41   Thumb Code    72  spi.o(i.SPI_WriteByte)
    SVC_Handler                              0x08000d8d   Thumb Code     2  stm32f10x_it.c.o(i.SVC_Handler)
    Soft_I2C_Read                            0x08000e79   Thumb Code   116  aht20.o(i.Soft_I2C_Read)
    Soft_I2C_Write                           0x08000eed   Thumb Code    96  aht20.o(i.Soft_I2C_Write)
    StandardUnitCon                          0x08000f4d   Thumb Code   162  aht20.o(i.StandardUnitCon)
    SysTick_CLKSourceConfig                  0x0800100d   Thumb Code    40  misc.o(i.SysTick_CLKSourceConfig)
    SysTick_Handler                          0x08001035   Thumb Code     2  stm32f10x_it.c.o(i.SysTick_Handler)
    SystemInit                               0x08001039   Thumb Code    78  system_stm32f10x.o(i.SystemInit)
    TIM3_IRQHandler                          0x08001099   Thumb Code    24  stm32f10x_it.c.o(i.TIM3_IRQHandler)
    TIM4_IRQHandler                          0x080010b5   Thumb Code    24  stm32f10x_it.c.o(i.TIM4_IRQHandler)
    USART2_IRQHandler                        0x080010d1   Thumb Code     2  stm32f10x_it.c.o(i.USART2_IRQHandler)
    USART_Cmd                                0x080010d3   Thumb Code    24  stm32f10x_usart.o(i.USART_Cmd)
    USART_ITConfig                           0x080010eb   Thumb Code    74  stm32f10x_usart.o(i.USART_ITConfig)
    USART_Init                               0x08001135   Thumb Code   210  stm32f10x_usart.o(i.USART_Init)
    UsageFault_Handler                       0x0800120d   Thumb Code     4  stm32f10x_it.c.o(i.UsageFault_Handler)
    _sys_exit                                0x08001211   Thumb Code     6  uart.o(i._sys_exit)
    delay_init                               0x08001219   Thumb Code    50  delay_1.o(i.delay_init)
    delay_ms                                 0x0800125d   Thumb Code    72  delay_1.o(i.delay_ms)
    main                                     0x080012a9   Thumb Code   130  main.c.o(i.main)
    roll                                     0x08001335   Thumb Code    52  test.o(i.roll)
    __aeabi_d2f                              0x08001369   Thumb Code     0  d2f.o(x$fpl$d2f)
    _d2f                                     0x08001369   Thumb Code    98  d2f.o(x$fpl$d2f)
    __aeabi_dadd                             0x080013cd   Thumb Code     0  daddsub_clz.o(x$fpl$dadd)
    _dadd                                    0x080013cd   Thumb Code   332  daddsub_clz.o(x$fpl$dadd)
    __aeabi_ddiv                             0x0800151d   Thumb Code     0  ddiv.o(x$fpl$ddiv)
    _ddiv                                    0x0800151d   Thumb Code   552  ddiv.o(x$fpl$ddiv)
    __aeabi_ui2d                             0x080017cd   Thumb Code     0  dflt_clz.o(x$fpl$dfltu)
    _dfltu                                   0x080017cd   Thumb Code    38  dflt_clz.o(x$fpl$dfltu)
    __aeabi_dmul                             0x080017f5   Thumb Code     0  dmul.o(x$fpl$dmul)
    _dmul                                    0x080017f5   Thumb Code   332  dmul.o(x$fpl$dmul)
    __fpl_dnaninf                            0x08001949   Thumb Code   156  dnaninf.o(x$fpl$dnaninf)
    __fpl_dretinf                            0x080019e5   Thumb Code    12  dretinf.o(x$fpl$dretinf)
    __aeabi_dsub                             0x080019f1   Thumb Code     0  daddsub_clz.o(x$fpl$dsub)
    _dsub                                    0x080019f1   Thumb Code   464  daddsub_clz.o(x$fpl$dsub)
    __fpl_fcmp_Inf                           0x08001bc5   Thumb Code    24  fcmpi.o(x$fpl$fcmpinf)
    __aeabi_cfcmple                          0x08001bdd   Thumb Code     0  fleqf.o(x$fpl$fleqf)
    _fcmple                                  0x08001bdd   Thumb Code   104  fleqf.o(x$fpl$fleqf)
    __fpl_fcmple_InfNaN                      0x08001c2f   Thumb Code     0  fleqf.o(x$fpl$fleqf)
    __fpl_fnaninf                            0x08001c45   Thumb Code   140  fnaninf.o(x$fpl$fnaninf)
    __fpl_fretinf                            0x08001cd1   Thumb Code    10  fretinf.o(x$fpl$fretinf)
    __aeabi_cfrcmple                         0x08001cdb   Thumb Code     0  frleqf.o(x$fpl$frleqf)
    _frcmple                                 0x08001cdb   Thumb Code    98  frleqf.o(x$fpl$frleqf)
    Region$$Table$$Base                      0x08001d3c   Number         0  anon$$obj.o(Region$$Table)
    __I$use$fp                               0x08001d3c   Number         0  usenofp.o(x$fpl$usenofp)
    Region$$Table$$Limit                     0x08001d5c   Number         0  anon$$obj.o(Region$$Table)
    SystemCoreClock                          0x20000000   Data           4  system_stm32f10x.o(.data)
    AHBPrescTable                            0x20000004   Data          16  system_stm32f10x.o(.data)
    AHT20                                    0x20000030   Data          20  main.c.o(.bss)
    __libspace_start                         0x20000444   Data          96  libspace.o(.bss)
    __temporary_stack_top$libspace           0x200004a4   Data           0  libspace.o(.bss)



==============================================================================

Memory Map of the image

  Image Entry point : 0x08000131

  Load Region LR_IROM1 (Base: 0x08000000, Size: 0x00001d8c, Max: 0x00040000, ABSOLUTE)

    Execution Region ER_IROM1 (Exec base: 0x08000000, Load base: 0x08000000, Size: 0x00001d5c, Max: 0x00040000, ABSOLUTE)

    Exec Addr    Load Addr    Size         Type   Attr      Idx    E Section Name        Object

    0x08000000   0x08000000   0x00000130   Data   RO            3    RESET               startup_stm32f10x_hd.o
    0x08000130   0x08000130   0x00000008   Code   RO         3828  * !!!main             c_w.l(__main.o)
    0x08000138   0x08000138   0x00000034   Code   RO         4022    !!!scatter          c_w.l(__scatter.o)
    0x0800016c   0x0800016c   0x0000001a   Code   RO         4024    !!handler_copy      c_w.l(__scatter_copy.o)
    0x08000186   0x08000186   0x00000002   PAD
    0x08000188   0x08000188   0x0000001c   Code   RO         4026    !!handler_zi        c_w.l(__scatter_zi.o)
    0x080001a4   0x080001a4   0x00000002   Code   RO         3947    .ARM.Collect$$libinit$$00000000  c_w.l(libinit.o)
    0x080001a6   0x080001a6   0x00000000   Code   RO         3860    .ARM.Collect$$libinit$$00000002  c_w.l(libinit2.o)
    0x080001a6   0x080001a6   0x00000000   Code   RO         3862    .ARM.Collect$$libinit$$00000004  c_w.l(libinit2.o)
    0x080001a6   0x080001a6   0x00000000   Code   RO         3865    .ARM.Collect$$libinit$$0000000A  c_w.l(libinit2.o)
    0x080001a6   0x080001a6   0x00000000   Code   RO         3867    .ARM.Collect$$libinit$$0000000C  c_w.l(libinit2.o)
    0x080001a6   0x080001a6   0x00000000   Code   RO         3869    .ARM.Collect$$libinit$$0000000E  c_w.l(libinit2.o)
    0x080001a6   0x080001a6   0x00000000   Code   RO         3872    .ARM.Collect$$libinit$$00000011  c_w.l(libinit2.o)
    0x080001a6   0x080001a6   0x00000000   Code   RO         3874    .ARM.Collect$$libinit$$00000013  c_w.l(libinit2.o)
    0x080001a6   0x080001a6   0x00000000   Code   RO         3876    .ARM.Collect$$libinit$$00000015  c_w.l(libinit2.o)
    0x080001a6   0x080001a6   0x00000000   Code   RO         3878    .ARM.Collect$$libinit$$00000017  c_w.l(libinit2.o)
    0x080001a6   0x080001a6   0x00000000   Code   RO         3880    .ARM.Collect$$libinit$$00000019  c_w.l(libinit2.o)
    0x080001a6   0x080001a6   0x00000000   Code   RO         3882    .ARM.Collect$$libinit$$0000001B  c_w.l(libinit2.o)
    0x080001a6   0x080001a6   0x00000000   Code   RO         3884    .ARM.Collect$$libinit$$0000001D  c_w.l(libinit2.o)
    0x080001a6   0x080001a6   0x00000000   Code   RO         3886    .ARM.Collect$$libinit$$0000001F  c_w.l(libinit2.o)
    0x080001a6   0x080001a6   0x00000000   Code   RO         3888    .ARM.Collect$$libinit$$00000021  c_w.l(libinit2.o)
    0x080001a6   0x080001a6   0x00000000   Code   RO         3890    .ARM.Collect$$libinit$$00000023  c_w.l(libinit2.o)
    0x080001a6   0x080001a6   0x00000000   Code   RO         3892    .ARM.Collect$$libinit$$00000025  c_w.l(libinit2.o)
    0x080001a6   0x080001a6   0x00000000   Code   RO         3896    .ARM.Collect$$libinit$$0000002C  c_w.l(libinit2.o)
    0x080001a6   0x080001a6   0x00000000   Code   RO         3898    .ARM.Collect$$libinit$$0000002E  c_w.l(libinit2.o)
    0x080001a6   0x080001a6   0x00000000   Code   RO         3900    .ARM.Collect$$libinit$$00000030  c_w.l(libinit2.o)
    0x080001a6   0x080001a6   0x00000000   Code   RO         3902    .ARM.Collect$$libinit$$00000032  c_w.l(libinit2.o)
    0x080001a6   0x080001a6   0x00000002   Code   RO         3903    .ARM.Collect$$libinit$$00000033  c_w.l(libinit2.o)
    0x080001a8   0x080001a8   0x00000002   Code   RO         3981    .ARM.Collect$$libshutdown$$00000000  c_w.l(libshutdown.o)
    0x080001aa   0x080001aa   0x00000000   Code   RO         3987    .ARM.Collect$$libshutdown$$00000002  c_w.l(libshutdown2.o)
    0x080001aa   0x080001aa   0x00000000   Code   RO         3989    .ARM.Collect$$libshutdown$$00000004  c_w.l(libshutdown2.o)
    0x080001aa   0x080001aa   0x00000000   Code   RO         3991    .ARM.Collect$$libshutdown$$00000006  c_w.l(libshutdown2.o)
    0x080001aa   0x080001aa   0x00000000   Code   RO         3994    .ARM.Collect$$libshutdown$$00000009  c_w.l(libshutdown2.o)
    0x080001aa   0x080001aa   0x00000000   Code   RO         3997    .ARM.Collect$$libshutdown$$0000000C  c_w.l(libshutdown2.o)
    0x080001aa   0x080001aa   0x00000000   Code   RO         3999    .ARM.Collect$$libshutdown$$0000000E  c_w.l(libshutdown2.o)
    0x080001aa   0x080001aa   0x00000000   Code   RO         4002    .ARM.Collect$$libshutdown$$00000011  c_w.l(libshutdown2.o)
    0x080001aa   0x080001aa   0x00000002   Code   RO         4003    .ARM.Collect$$libshutdown$$00000012  c_w.l(libshutdown2.o)
    0x080001ac   0x080001ac   0x00000000   Code   RO         3856    .ARM.Collect$$rtentry$$00000000  c_w.l(__rtentry.o)
    0x080001ac   0x080001ac   0x00000000   Code   RO         3916    .ARM.Collect$$rtentry$$00000002  c_w.l(__rtentry2.o)
    0x080001ac   0x080001ac   0x00000006   Code   RO         3928    .ARM.Collect$$rtentry$$00000004  c_w.l(__rtentry4.o)
    0x080001b2   0x080001b2   0x00000000   Code   RO         3918    .ARM.Collect$$rtentry$$00000009  c_w.l(__rtentry2.o)
    0x080001b2   0x080001b2   0x00000004   Code   RO         3919    .ARM.Collect$$rtentry$$0000000A  c_w.l(__rtentry2.o)
    0x080001b6   0x080001b6   0x00000000   Code   RO         3921    .ARM.Collect$$rtentry$$0000000C  c_w.l(__rtentry2.o)
    0x080001b6   0x080001b6   0x00000008   Code   RO         3922    .ARM.Collect$$rtentry$$0000000D  c_w.l(__rtentry2.o)
    0x080001be   0x080001be   0x00000002   Code   RO         3953    .ARM.Collect$$rtexit$$00000000  c_w.l(rtexit.o)
    0x080001c0   0x080001c0   0x00000000   Code   RO         3963    .ARM.Collect$$rtexit$$00000002  c_w.l(rtexit2.o)
    0x080001c0   0x080001c0   0x00000004   Code   RO         3964    .ARM.Collect$$rtexit$$00000003  c_w.l(rtexit2.o)
    0x080001c4   0x080001c4   0x00000006   Code   RO         3965    .ARM.Collect$$rtexit$$00000004  c_w.l(rtexit2.o)
    0x080001ca   0x080001ca   0x00000002   PAD
    0x080001cc   0x080001cc   0x00000040   Code   RO            4    .text               startup_stm32f10x_hd.o
    0x0800020c   0x0800020c   0x00000002   Code   RO         3815    .text               c_w.l(use_no_semi_2.o)
    0x0800020e   0x0800020e   0x00000010   Code   RO         3822    .text               c_w.l(aeabi_memset.o)
    0x0800021e   0x0800021e   0x00000044   Code   RO         3824    .text               c_w.l(rt_memclr.o)
    0x08000262   0x08000262   0x00000006   Code   RO         3826    .text               c_w.l(heapauxi.o)
    0x08000268   0x08000268   0x00000002   Code   RO         3854    .text               c_w.l(use_no_semi.o)
    0x0800026a   0x0800026a   0x0000004e   Code   RO         3857    .text               c_w.l(rt_memclr_w.o)
    0x080002b8   0x080002b8   0x0000004a   Code   RO         3934    .text               c_w.l(sys_stackheap_outer.o)
    0x08000302   0x08000302   0x00000012   Code   RO         3936    .text               c_w.l(exit.o)
    0x08000314   0x08000314   0x00000008   Code   RO         3950    .text               c_w.l(libspace.o)
    0x0800031c   0x0800031c   0x0000001c   Code   RO          403    i.AHT20_IcInitCmd   aht20.o
    0x08000338   0x08000338   0x00000058   Code   RO          404    i.AHT20_Init        aht20.o
    0x08000390   0x08000390   0x0000000c   Code   RO          405    i.AHT20_ReadBusyCmd  aht20.o
    0x0800039c   0x0800039c   0x0000000e   Code   RO          406    i.AHT20_ReadCalEnableCmd  aht20.o
    0x080003aa   0x080003aa   0x00000078   Code   RO          407    i.AHT20_ReadHT      aht20.o
    0x08000422   0x08000422   0x00000014   Code   RO          408    i.AHT20_ReadStatusCmd  aht20.o
    0x08000436   0x08000436   0x00000010   Code   RO          409    i.AHT20_SoftResetCmd  aht20.o
    0x08000446   0x08000446   0x0000001c   Code   RO          410    i.AHT20_TrigMeasureCmd  aht20.o
    0x08000462   0x08000462   0x00000004   Code   RO          175    i.BusFault_Handler  stm32f10x_it.c.o
    0x08000466   0x08000466   0x00000002   Code   RO          176    i.DebugMon_Handler  stm32f10x_it.c.o
    0x08000468   0x08000468   0x00000044   Code   RO          259    i.Delay_Init        delay.o
    0x080004ac   0x080004ac   0x0000004c   Code   RO          260    i.Delay_ms          delay.o
    0x080004f8   0x080004f8   0x0000004c   Code   RO          261    i.Delay_us          delay.o
    0x08000544   0x08000544   0x00000116   Code   RO         1620    i.GPIO_Init         stm32f10x_gpio.o
    0x0800065a   0x0800065a   0x00000004   Code   RO         1627    i.GPIO_ResetBits    stm32f10x_gpio.o
    0x0800065e   0x0800065e   0x00000004   Code   RO         1628    i.GPIO_SetBits      stm32f10x_gpio.o
    0x08000662   0x08000662   0x00000004   Code   RO          177    i.HardFault_Handler  stm32f10x_it.c.o
    0x08000666   0x08000666   0x00000002   PAD
    0x08000668   0x08000668   0x00000050   Code   RO          285    i.I2C_ACK           i2c.o
    0x080006b8   0x080006b8   0x00000050   Code   RO          286    i.I2C_NACK          i2c.o
    0x08000708   0x08000708   0x00000070   Code   RO          287    i.I2C_Read_Byte     i2c.o
    0x08000778   0x08000778   0x00000068   Code   RO          288    i.I2C_Send_Byte     i2c.o
    0x080007e0   0x080007e0   0x0000004c   Code   RO          289    i.I2C_Start         i2c.o
    0x0800082c   0x0800082c   0x0000004c   Code   RO          290    i.I2C_Stop          i2c.o
    0x08000878   0x08000878   0x00000064   Code   RO          291    i.I2C_Wait_ACK      i2c.o
    0x080008dc   0x080008dc   0x00000034   Code   RO          292    i.IIC_Init          i2c.o
    0x08000910   0x08000910   0x00000004   Code   RO          178    i.MemManage_Handler  stm32f10x_it.c.o
    0x08000914   0x08000914   0x000000a8   Code   RO          348    i.My_Uart_Init      uart.o
    0x080009bc   0x080009bc   0x00000002   Code   RO          179    i.NMI_Handler       stm32f10x_it.c.o
    0x080009be   0x080009be   0x0000000c   Code   RO         3775    i.NVIC_Configuration  sys.o
    0x080009ca   0x080009ca   0x00000002   PAD
    0x080009cc   0x080009cc   0x00000070   Code   RO          469    i.NVIC_Init         misc.o
    0x08000a3c   0x08000a3c   0x00000014   Code   RO          470    i.NVIC_PriorityGroupConfig  misc.o
    0x08000a50   0x08000a50   0x00000028   Code   RO         3594    i.OLED_Clear        oled.o
    0x08000a78   0x08000a78   0x00000048   Code   RO         3595    i.OLED_Display      oled.o
    0x08000ac0   0x08000ac0   0x000000da   Code   RO         3598    i.OLED_Init         oled.o
    0x08000b9a   0x08000b9a   0x00000002   PAD
    0x08000b9c   0x08000b9c   0x00000038   Code   RO         3599    i.OLED_Init_GPIO    oled.o
    0x08000bd4   0x08000bd4   0x00000034   Code   RO         3600    i.OLED_Reset        oled.o
    0x08000c08   0x08000c08   0x00000040   Code   RO         3603    i.OLED_WR_Byte      oled.o
    0x08000c48   0x08000c48   0x00000002   Code   RO          180    i.PendSV_Handler    stm32f10x_it.c.o
    0x08000c4a   0x08000c4a   0x00000002   PAD
    0x08000c4c   0x08000c4c   0x00000020   Code   RO         2038    i.RCC_APB2PeriphClockCmd  stm32f10x_rcc.o
    0x08000c6c   0x08000c6c   0x000000d4   Code   RO         2046    i.RCC_GetClocksFreq  stm32f10x_rcc.o
    0x08000d40   0x08000d40   0x0000004c   Code   RO         3671    i.SPI_WriteByte     spi.o
    0x08000d8c   0x08000d8c   0x00000002   Code   RO          181    i.SVC_Handler       stm32f10x_it.c.o
    0x08000d8e   0x08000d8e   0x00000008   Code   RO           24    i.SetSysClock       system_stm32f10x.o
    0x08000d96   0x08000d96   0x00000002   PAD
    0x08000d98   0x08000d98   0x000000e0   Code   RO           25    i.SetSysClockTo72   system_stm32f10x.o
    0x08000e78   0x08000e78   0x00000074   Code   RO          411    i.Soft_I2C_Read     aht20.o
    0x08000eec   0x08000eec   0x00000060   Code   RO          412    i.Soft_I2C_Write    aht20.o
    0x08000f4c   0x08000f4c   0x000000c0   Code   RO          413    i.StandardUnitCon   aht20.o
    0x0800100c   0x0800100c   0x00000028   Code   RO          473    i.SysTick_CLKSourceConfig  misc.o
    0x08001034   0x08001034   0x00000002   Code   RO          182    i.SysTick_Handler   stm32f10x_it.c.o
    0x08001036   0x08001036   0x00000002   PAD
    0x08001038   0x08001038   0x00000060   Code   RO           27    i.SystemInit        system_stm32f10x.o
    0x08001098   0x08001098   0x0000001c   Code   RO          183    i.TIM3_IRQHandler   stm32f10x_it.c.o
    0x080010b4   0x080010b4   0x0000001c   Code   RO          184    i.TIM4_IRQHandler   stm32f10x_it.c.o
    0x080010d0   0x080010d0   0x00000002   Code   RO          185    i.USART2_IRQHandler  stm32f10x_it.c.o
    0x080010d2   0x080010d2   0x00000018   Code   RO         3206    i.USART_Cmd         stm32f10x_usart.o
    0x080010ea   0x080010ea   0x0000004a   Code   RO         3212    i.USART_ITConfig    stm32f10x_usart.o
    0x08001134   0x08001134   0x000000d8   Code   RO         3213    i.USART_Init        stm32f10x_usart.o
    0x0800120c   0x0800120c   0x00000004   Code   RO          186    i.UsageFault_Handler  stm32f10x_it.c.o
    0x08001210   0x08001210   0x00000006   Code   RO          353    i._sys_exit         uart.o
    0x08001216   0x08001216   0x00000002   PAD
    0x08001218   0x08001218   0x00000044   Code   RO         3787    i.delay_init        delay_1.o
    0x0800125c   0x0800125c   0x0000004c   Code   RO         3788    i.delay_ms          delay_1.o
    0x080012a8   0x080012a8   0x0000008c   Code   RO          137    i.main              main.c.o
    0x08001334   0x08001334   0x00000034   Code   RO         3694    i.roll              test.o
    0x08001368   0x08001368   0x00000062   Code   RO         3830    x$fpl$d2f           fz_ws.l(d2f.o)
    0x080013ca   0x080013ca   0x00000002   PAD
    0x080013cc   0x080013cc   0x00000150   Code   RO         3832    x$fpl$dadd          fz_ws.l(daddsub_clz.o)
    0x0800151c   0x0800151c   0x000002b0   Code   RO         3839    x$fpl$ddiv          fz_ws.l(ddiv.o)
    0x080017cc   0x080017cc   0x00000026   Code   RO         3842    x$fpl$dfltu         fz_ws.l(dflt_clz.o)
    0x080017f2   0x080017f2   0x00000002   PAD
    0x080017f4   0x080017f4   0x00000154   Code   RO         3848    x$fpl$dmul          fz_ws.l(dmul.o)
    0x08001948   0x08001948   0x0000009c   Code   RO         3904    x$fpl$dnaninf       fz_ws.l(dnaninf.o)
    0x080019e4   0x080019e4   0x0000000c   Code   RO         3906    x$fpl$dretinf       fz_ws.l(dretinf.o)
    0x080019f0   0x080019f0   0x000001d4   Code   RO         3834    x$fpl$dsub          fz_ws.l(daddsub_clz.o)
    0x08001bc4   0x08001bc4   0x00000018   Code   RO         3908    x$fpl$fcmpinf       fz_ws.l(fcmpi.o)
    0x08001bdc   0x08001bdc   0x00000068   Code   RO         3850    x$fpl$fleqf         fz_ws.l(fleqf.o)
    0x08001c44   0x08001c44   0x0000008c   Code   RO         3910    x$fpl$fnaninf       fz_ws.l(fnaninf.o)
    0x08001cd0   0x08001cd0   0x0000000a   Code   RO         3912    x$fpl$fretinf       fz_ws.l(fretinf.o)
    0x08001cda   0x08001cda   0x00000062   Code   RO         3852    x$fpl$frleqf        fz_ws.l(frleqf.o)
    0x08001d3c   0x08001d3c   0x00000000   Code   RO         3914    x$fpl$usenofp       fz_ws.l(usenofp.o)
    0x08001d3c   0x08001d3c   0x00000020   Data   RO         4020    Region$$Table       anon$$obj.o


    Execution Region RW_IRAM1 (Exec base: 0x20000000, Load base: 0x08001d5c, Size: 0x00000aa8, Max: 0x0000c000, ABSOLUTE)

    Exec Addr    Load Addr    Size         Type   Attr      Idx    E Section Name        Object

    0x20000000   0x08001d5c   0x00000014   Data   RW           28    .data               system_stm32f10x.o
    0x20000014   0x08001d70   0x00000004   Data   RW          262    .data               delay.o
    0x20000018   0x08001d74   0x00000014   Data   RW         2066    .data               stm32f10x_rcc.o
    0x2000002c   0x08001d88   0x00000004   Data   RW         3790    .data               delay_1.o
    0x20000030        -       0x00000014   Zero   RW          138    .bss                main.c.o
    0x20000044        -       0x00000400   Zero   RW         3604    .bss                oled.o
    0x20000444        -       0x00000060   Zero   RW         3951    .bss                c_w.l(libspace.o)
    0x200004a4   0x08001d8c   0x00000004   PAD
    0x200004a8        -       0x00000200   Zero   RW            2    HEAP                startup_stm32f10x_hd.o
    0x200006a8        -       0x00000400   Zero   RW            1    STACK               startup_stm32f10x_hd.o


==============================================================================

Image component sizes


      Code (inc. data)   RO Data    RW Data    ZI Data      Debug   Object Name

       730         30          0          0          0       6283   aht20.o
         0          0          0          0          0       4516   core_cm3.o
       220         26          0          4          0       1563   delay.o
       144         22          0          4          0       1084   delay_1.o
       680        100          0          0          0       3838   i2c.o
       140         10          0          0         20       1260   main.c.o
       172         22          0          0          0       2265   misc.o
       502         26          0          0       1024       3589   oled.o
        76          4          0          0          0        536   spi.o
        64         26        304          0       1536        848   startup_stm32f10x_hd.o
       286          0          0          0          0       3240   stm32f10x_gpio.o
        84          8          0          0          0       4934   stm32f10x_it.c.o
       244         26          0         20          0       4049   stm32f10x_rcc.o
       314          6          0          0          0       3902   stm32f10x_usart.o
        12          0          0          0          0        417   sys.o
       328         28          0         20          0     230337   system_stm32f10x.o
        52          0          0          0          0        395   test.o
       174          8          0          0          0       1115   uart.o

    ----------------------------------------------------------------------
      4236        342        336         48       2580     274171   Object Totals
         0          0         32          0          0          0   (incl. Generated)
        14          0          0          0          0          0   (incl. Padding)

    ----------------------------------------------------------------------

      Code (inc. data)   RO Data    RW Data    ZI Data      Debug   Library Member Name

         8          0          0          0          0         68   __main.o
         0          0          0          0          0          0   __rtentry.o
        12          0          0          0          0          0   __rtentry2.o
         6          0          0          0          0          0   __rtentry4.o
        52          8          0          0          0          0   __scatter.o
        26          0          0          0          0          0   __scatter_copy.o
        28          0          0          0          0          0   __scatter_zi.o
        16          0          0          0          0         68   aeabi_memset.o
        18          0          0          0          0         80   exit.o
         6          0          0          0          0        152   heapauxi.o
         2          0          0          0          0          0   libinit.o
         2          0          0          0          0          0   libinit2.o
         2          0          0          0          0          0   libshutdown.o
         2          0          0          0          0          0   libshutdown2.o
         8          4          0          0         96         68   libspace.o
        68          0          0          0          0         68   rt_memclr.o
        78          0          0          0          0         80   rt_memclr_w.o
         2          0          0          0          0          0   rtexit.o
        10          0          0          0          0          0   rtexit2.o
        74          0          0          0          0         80   sys_stackheap_outer.o
         2          0          0          0          0         68   use_no_semi.o
         2          0          0          0          0         68   use_no_semi_2.o
        98          4          0          0          0         92   d2f.o
       804         16          0          0          0        272   daddsub_clz.o
       688        140          0          0          0        208   ddiv.o
        38          0          0          0          0         68   dflt_clz.o
       340         12          0          0          0        104   dmul.o
       156          4          0          0          0         92   dnaninf.o
        12          0          0          0          0         68   dretinf.o
        24          0          0          0          0         68   fcmpi.o
       104          4          0          0          0         84   fleqf.o
       140          4          0          0          0         84   fnaninf.o
        10          0          0          0          0         68   fretinf.o
        98          0          0          0          0         68   frleqf.o
         0          0          0          0          0          0   usenofp.o

    ----------------------------------------------------------------------
      2944        196          0          0        100       2076   Library Totals
         8          0          0          0          4          0   (incl. Padding)

    ----------------------------------------------------------------------

      Code (inc. data)   RO Data    RW Data    ZI Data      Debug   Library Name

       424         12          0          0         96        800   c_w.l
      2512        184          0          0          0       1276   fz_ws.l

    ----------------------------------------------------------------------
      2944        196          0          0        100       2076   Library Totals

    ----------------------------------------------------------------------

==============================================================================


      Code (inc. data)   RO Data    RW Data    ZI Data      Debug   

      7180        538        336         48       2680     272239   Grand Totals
      7180        538        336         48       2680     272239   ELF Image Totals
      7180        538        336         48          0          0   ROM Totals

==============================================================================

    Total RO  Size (Code + RO Data)                 7516 (   7.34kB)
    Total RW  Size (RW Data + ZI Data)              2728 (   2.66kB)
    Total ROM Size (Code + RO Data + RW Data)       7564 (   7.39kB)

==============================================================================

