<html>
<body>
<pre>
<h1>µVision Build Log</h1>
<h2>Tool Versions:</h2>
IDE-Version: ¦ÌVision V5.36.0.0
Copyright (C) 2021 ARM Ltd and ARM Germany GmbH. All rights reserved.
License Information: 1 2, 1, LIC=HN0AE-5KR1T-MM69I-TWD96-AYNS6-J2VQN
 
Tool Versions:
Toolchain:       MDK-ARM Plus  Version: 5.36.0.0
Toolchain Path:  D:\Soft\MDK\core\ARM\ARMCC\Bin
C Compiler:      Armcc.exe V5.06 update 7 (build 960)
Assembler:       Armasm.exe V5.06 update 7 (build 960)
Linker/Locator:  ArmLink.exe V5.06 update 7 (build 960)
Library Manager: ArmAr.exe V5.06 update 7 (build 960)
Hex Converter:   FromElf.exe V5.06 update 7 (build 960)
CPU DLL:         SARMCM3.DLL V5.36.0.0
Dialog DLL:      DCM.DLL V1.17.3.0
Target DLL:      UL2CM3.DLL V1.164.0.0
Dialog DLL:      TCM.DLL V1.53.0.0
 
<h2>Project:</h2>
C:\Users\Lenovo\Desktop\OLED_Tem\Project\Temp_hum.uvprojx
Project File Date:  11/03/2022

<h2>Output:</h2>
*** Using Compiler 'V5.06 update 7 (build 960)', folder: 'D:\Soft\MDK\core\ARM\ARMCC\Bin'
Build target 'Target 1'
Note: source file '..\OLED\delay.c' - object file renamed from '.\Objects\delay.o' to '.\Objects\delay_1.o'.
compiling main.c.c...
..\User\main.c.c(16): warning:  #223-D: function "delay_init" declared implicitly
  		delay_init();	    	      
..\User\main.c.c(17): warning:  #223-D: function "NVIC_Configuration" declared implicitly
  		NVIC_Configuration(); 	   
..\User\main.c.c(18): warning:  #223-D: function "OLED_Init" declared implicitly
  		OLED_Init();			         
..\User\main.c.c(19): warning:  #223-D: function "OLED_Clear" declared implicitly
  		OLED_Clear(0);
..\User\main.c.c(46): warning:  #223-D: function "TEST_MainPage" declared implicitly
  		TEST_MainPage(Temp,Hum);
..\User\main.c.c(48): warning:  #223-D: function "printf" declared implicitly
  		printf("æ¸©åº¦:%.2fÂ°c  æ¹¿åº¦:%.2f%%\n",AHT20.te,AHT20.rh);
..\User\main.c.c: 6 warnings, 0 errors
compiling test.c...
..\OLED\test.c(69): warning:  #167-D: argument of type "u32 *" is incompatible with parameter of type "u32"
  	GUI_ShowNum(50,0,(u32 *)(Tem/10),2,16,1);
..\OLED\test.c(71): warning:  #167-D: argument of type "u32 *" is incompatible with parameter of type "u32"
  	GUI_ShowNum(75,0,(u32 *)(Tem%10),1,16,1);
..\OLED\test.c(72): warning:  #167-D: argument of type "u32 *" is incompatible with parameter of type "u32"
  	GUI_ShowNum(50,20,(u32 *)(Hum/10),2,16,1);
..\OLED\test.c(74): warning:  #167-D: argument of type "u32 *" is incompatible with parameter of type "u32"
  	GUI_ShowNum(75,20,(u32 *)(Hum%10),1,16,1);
..\OLED\test.c: 4 warnings, 0 errors
linking...
Program Size: Code=14014 RO-data=6262 RW-data=60 ZI-data=2676  
FromELF: creating hex file...
".\Objects\Temp_hum.axf" - 0 Error(s), 10 Warning(s).

<h2>Software Packages used:</h2>

Package Vendor: Keil
                http://www.keil.com/pack/Keil.STM32F1xx_DFP.2.4.0.pack
                Keil.STM32F1xx_DFP.2.4.0
                STMicroelectronics STM32F1 Series Device Support, Drivers and Examples

<h2>Collection of Component include folders:</h2>
  D:\Soft\MDK\pack\Keil\STM32F1xx_DFP\2.4.0\Device\Include

<h2>Collection of Component Files used:</h2>
Build Time Elapsed:  00:00:01
</pre>
</body>
</html>
